 ldecod

 Timestamp is 54ae3226 (Thu Jan 08 15:30:46 2015)

 Preferred load address is 00400000

 Start         Length     Name                   Class
 0001:00000000 00094bb9H .textbss                DATA
 0002:00000000 0012e7a5H .text                   CODE
 0002:0012e7b0 00001161H .text$x                 CODE
 0003:00000000 00000104H .CRT$XCA                DATA
 0003:00000104 00000104H .CRT$XCZ                DATA
 0003:00000208 00000104H .CRT$XIA                DATA
 0003:0000030c 00000118H .CRT$XIC                DATA
 0003:00000424 00000104H .CRT$XIY                DATA
 0003:00000528 00000104H .CRT$XIZ                DATA
 0003:0000062c 00000104H .CRT$XPA                DATA
 0003:00000730 00000109H .CRT$XPX                DATA
 0003:0000083c 00000104H .CRT$XPXA               DATA
 0003:00000940 00000104H .CRT$XPZ                DATA
 0003:00000a44 00000104H .CRT$XTA                DATA
 0003:00000b48 00000104H .CRT$XTZ                DATA
 0003:00000c50 00039ab1H .rdata                  DATA
 0003:0003a704 0000015aH .rdata$debug            DATA
 0003:0003a860 0000032fH .rdata$r                DATA
 0003:0003ab90 00000104H .rtc$IAA                DATA
 0003:0003ac94 0000022eH .rtc$IMZ                DATA
 0003:0003aec4 00000104H .rtc$IZZ                DATA
 0003:0003afc8 00000104H .rtc$TAA                DATA
 0003:0003b0cc 0000022eH .rtc$TMZ                DATA
 0003:0003b2fc 00000104H .rtc$TZZ                DATA
 0003:0003b400 00001262H .xdata$x                DATA
 0003:0003c662 00000000H .edata                  DATA
 0004:00000000 00002956H .data                   DATA
 0004:00002960 000060e4H .bss                    DATA
 0005:00000000 00000028H .idata$2                DATA
 0005:00000028 00000014H .idata$3                DATA
 0005:0000003c 00000238H .idata$4                DATA
 0005:00000274 00000238H .idata$5                DATA
 0005:000004ac 000008f0H .idata$6                DATA
 0006:00000000 00000169H .rsrc$01                DATA
 0006:00000170 000002e9H .rsrc$02                DATA

  Address         Publics by Value              Rva+Base       Lib:Object

 0000:00000000       ___safe_se_handler_table   00000000     <absolute>
 0000:00000000       ___safe_se_handler_count   00000000     <absolute>
 0000:00000000       __except_list              00000000     <absolute>
 0000:00000000       ___ImageBase               00400000     <linker-defined>
 0001:00000000       __enc$textbss$begin        00401000     <linker-defined>
 0001:00094bb9       __enc$textbss$end          00495bb9     <linker-defined>
 0002:000047d0       _malloc_annex_b            0049a7d0 f   annexb.obj
 0002:000048b0       _init_annex_b              0049a8b0 f   annexb.obj
 0002:00004940       _free_annex_b              0049a940 f   annexb.obj
 0002:000049c0       _get_annex_b_NALU          0049a9c0 f   annexb.obj
 0002:00005130       _open_annex_b              0049b130 f   annexb.obj
 0002:00005260       _close_annex_b             0049b260 f   annexb.obj
 0002:000052f0       _reset_annex_b             0049b2f0 f   annexb.obj
 0002:00005350       _arideco_create_decoding_environment 0049b350 f   biaridecod.obj
 0002:000053c0       _arideco_delete_decoding_environment 0049b3c0 f   biaridecod.obj
 0002:00005450       _arideco_done_decoding     0049b450 f   biaridecod.obj
 0002:000054a0       _arideco_start_decoding    0049b4a0 f   biaridecod.obj
 0002:00005650       _arideco_bits_read         0049b650 f   biaridecod.obj
 0002:000056a0       _biari_decode_symbol       0049b6a0 f   biaridecod.obj
 0002:000058a0       _biari_decode_symbol_eq_prob 0049b8a0 f   biaridecod.obj
 0002:00005980       _biari_decode_final        0049b980 f   biaridecod.obj
 0002:00005a80       _biari_init_context        0049ba80 f   biaridecod.obj
 0002:00005c10       _compute_residue_p16x16    0049bc10 f   blk_prediction.obj
 0002:000061e0       _compute_residue_p8x8      0049c1e0 f   blk_prediction.obj
 0002:000067b0       _compute_residue_p4x4      0049c7b0 f   blk_prediction.obj
 0002:00006cb0       _sample_reconstruct_p4x4   0049ccb0 f   blk_prediction.obj
 0002:00007060       _sample_reconstruct_p4x4forzero 0049d060 f   blk_prediction.obj
 0002:00007220       _sample_reconstruct_p16x16 0049d220 f   blk_prediction.obj
 0002:00007440       _sample_reconstruct_p8x8   0049d440 f   blk_prediction.obj
 0002:00007660       _sample_reconstruct_p8x8forzero 0049d660 f   blk_prediction.obj
 0002:00007830       _compute_residue           0049d830 f   blk_prediction.obj
 0002:00007930       _sample_reconstruct        0049d930 f   blk_prediction.obj
 0002:00007a80       _itrans4x4                 0049da80 f   block.obj
 0002:00007b80       _itrans4x4_ls              0049db80 f   block.obj
 0002:00007e00       _Inv_Residual_trans_4x4    0049de00 f   block.obj
 0002:00008350       _Inv_Residual_trans_8x8    0049e350 f   block.obj
 0002:00008b70       _Inv_Residual_trans_16x16  0049eb70 f   block.obj
 0002:00008fc0       _Inv_Residual_trans_Chroma 0049efc0 f   block.obj
 0002:00009330       _itrans_2                  0049f330 f   block.obj
 0002:000096c0       _itrans_sp                 0049f6c0 f   block.obj
 0002:00009ff0       _itrans_sp_cr              0049fff0 f   block.obj
 0002:0000abb0       _iMBtrans4x4               004a0bb0 f   block.obj
 0002:0000b0f0       _iMBtrans8x8               004a10f0 f   block.obj
 0002:0000b2e0       _iTransform                004a12e0 f   block.obj
 0002:0000bac0       _copy_image_data_16x16     004a1ac0 f   block.obj
 0002:0000bcb0       _copy_image_data_8x8       004a1cb0 f   block.obj
 0002:0000bea0       _copy_image_data_4x4       004a1ea0 f   block.obj
 0002:0000c030       _CheckVertMV               004a2030 f   block.obj
 0002:0000c110       _copy_image_data           004a2110 f   block.obj
 0002:0000c1e0       _CheckAvailabilityOfNeighborsCABAC 004a21e0 f   cabac.obj
 0002:0000c370       _cabac_new_slice           004a2370 f   cabac.obj
 0002:0000c3b0       _create_contexts_MotionInfo 004a23b0 f   cabac.obj
 0002:0000c420       _create_contexts_TextureInfo 004a2420 f   cabac.obj
 0002:0000c490       _delete_contexts_MotionInfo 004a2490 f   cabac.obj
 0002:0000c4f0       _delete_contexts_TextureInfo 004a24f0 f   cabac.obj
 0002:0000c550       _readFieldModeInfo_CABAC   004a2550 f   cabac.obj
 0002:0000c680       _check_next_mb_and_get_field_mode_CABAC_p_slice 004a2680 f   cabac.obj
 0002:0000cb10       _check_next_mb_and_get_field_mode_CABAC_b_slice 004a2b10 f   cabac.obj
 0002:0000cfd0       _read_MVD_CABAC            004a2fd0 f   cabac.obj
 0002:0000d310       _read_mvd_CABAC_mbaff      004a3310 f   cabac.obj
 0002:0000d770       _readB8_typeInfo_CABAC_p_slice 004a3770 f   cabac.obj
 0002:0000d890       _readB8_typeInfo_CABAC_b_slice 004a3890 f   cabac.obj
 0002:0000dae0       _read_skip_flag_CABAC_p_slice 004a3ae0 f   cabac.obj
 0002:0000dc20       _read_skip_flag_CABAC_b_slice 004a3c20 f   cabac.obj
 0002:0000dd70       _readMB_transform_size_flag_CABAC 004a3d70 f   cabac.obj
 0002:0000de80       _readMB_typeInfo_CABAC_i_slice 004a3e80 f   cabac.obj
 0002:0000e450       _readMB_typeInfo_CABAC_p_slice 004a4450 f   cabac.obj
 0002:0000e6e0       _readMB_typeInfo_CABAC_b_slice 004a46e0 f   cabac.obj
 0002:0000eb30       _readIntraPredMode_CABAC   004a4b30 f   cabac.obj
 0002:0000ec30       _readRefFrame_CABAC        004a4c30 f   cabac.obj
 0002:0000f130       _read_dQuant_CABAC         004a5130 f   cabac.obj
 0002:0000f260       _read_CBP_CABAC            004a5260 f   cabac.obj
 0002:0000f790       _readCIPredMode_CABAC      004a5790 f   cabac.obj
 0002:0000f950       _set_read_and_store_CBP    004a5950 f   cabac.obj
 0002:00012260       _readRunLevel_CABAC        004a8260 f   cabac.obj
 0002:00012940       _readSyntaxElement_CABAC   004a8940 f   cabac.obj
 0002:00012b80       _cabac_startcode_follows   004a8b80 f   cabac.obj
 0002:00012f50       _readIPCM_CABAC            004a8f50 f   cabac.obj
 0002:000132d0       _GetConfigFileContent      004a92d0 f   config_common.obj
 0002:000134a0       _ParseContent              004a94a0 f   config_common.obj
 0002:00013ca0       _InitParams                004a9ca0 f   config_common.obj
 0002:00013d90       _TestParams                004a9d90 f   config_common.obj
 0002:00014260       _DisplayParams             004aa260 f   config_common.obj
 0002:00014400       _JMDecHelpExit             004aa400 f   configfile.obj
 0002:00014470       _ParseCommand              004aa470 f   configfile.obj
 0002:00014f30       _init_contexts             004aaf30 f   context_ini.obj
 0002:000160c0       _main                      004ac0c0 f   decoder_test.obj
 0002:00016a40       _ercInit                   004aca40 f   erc_api.obj
 0002:00016b10       _ercOpen                   004acb10 f   erc_api.obj
 0002:00016bf0       _ercReset                  004acbf0 f   erc_api.obj
 0002:00017030       _ercClose                  004ad030 f   erc_api.obj
 0002:00017130       _ercSetErrorConcealment    004ad130 f   erc_api.obj
 0002:00017180       _ercStartSegment           004ad180 f   erc_api.obj
 0002:00017200       _ercStopSegment            004ad200 f   erc_api.obj
 0002:00017270       _ercMarkCurrSegmentLost    004ad270 f   erc_api.obj
 0002:00017480       _ercMarkCurrSegmentOK      004ad480 f   erc_api.obj
 0002:00017670       _ercMarkCurrMBConcealed    004ad670 f   erc_api.obj
 0002:00017850       _ercConcealIntraFrame      004ad850 f   erc_do_i.obj
 0002:000179a0       _ercPixConcealIMB          004ad9a0 f   erc_do_i.obj
 0002:00017c50       _ercCollect8PredBlocks     004adc50 f   erc_do_i.obj
 0002:00017fe0       _ercCollectColumnBlocks    004adfe0 f   erc_do_i.obj
 0002:00018b20       _ercConcealInterFrame      004aeb20 f   erc_do_p.obj
 0002:0001b420       _conceal_lost_frames       004b1420 f   erc_do_p.obj
 0002:0001cc70       _update_ref_list_for_concealment 004b2c70 f   erc_do_p.obj
 0002:0001cd30       _init_lists_for_non_reference_loss 004b2d30 f   erc_do_p.obj
 0002:0001d7c0       _get_pic_from_dpb          004b37c0 f   erc_do_p.obj
 0002:0001d8b0       _comp                      004b38b0 f   erc_do_p.obj
 0002:0001d8f0       _init_node                 004b38f0 f   erc_do_p.obj
 0002:0001d980       _print_node                004b3980 f   erc_do_p.obj
 0002:0001d9e0       _print_list                004b39e0 f   erc_do_p.obj
 0002:0001da50       _delete_list               004b3a50 f   erc_do_p.obj
 0002:0001db40       _conceal_non_ref_pics      004b3b40 f   erc_do_p.obj
 0002:0001dec0       _sliding_window_poc_management 004b3ec0 f   erc_do_p.obj
 0002:0001df60       _write_lost_non_ref_pic    004b3f60 f   erc_do_p.obj
 0002:0001e120       _write_lost_ref_after_idr  004b4120 f   erc_do_p.obj
 0002:0001e260       _set_ec_flag               004b4260 f   errorconcealment.obj
 0002:0001e4c0       _reset_ec_flags            004b44c0 f   errorconcealment.obj
 0002:0001e530       _get_concealed_element     004b4530 f   errorconcealment.obj
 0002:0001e700       _fmo_init                  004b4700 f   fmo.obj
 0002:0001ed00       _FmoFinit                  004b4d00 f   fmo.obj
 0002:0001edb0       _FmoGetNumberOfSliceGroup  004b4db0 f   fmo.obj
 0002:0001edf0       _FmoGetLastMBOfPicture     004b4df0 f   fmo.obj
 0002:0001ee60       _FmoGetLastMBInSliceGroup  004b4e60 f   fmo.obj
 0002:0001eef0       _FmoGetSliceGroupId        004b4ef0 f   fmo.obj
 0002:0001efb0       _FmoGetNextMBNr            004b4fb0 f   fmo.obj
 0002:0001fb80       _CeilLog2                  004b5b80 f   header.obj
 0002:0001fbf0       _CeilLog2_sf               004b5bf0 f   header.obj
 0002:0001fc60       _FirstPartOfSliceHeader    004b5c60 f   header.obj
 0002:0001fe00       _RestOfSliceHeader         004b5e00 f   header.obj
 0002:00021ce0       _dec_ref_pic_marking       004b7ce0 f   header.obj
 0002:00021fc0       _decode_poc                004b7fc0 f   header.obj
 0002:00022940       _dumppoc                   004b8940 f   header.obj
 0002:00022c30       _picture_order             004b8c30 f   header.obj
 0002:00022ca0       _init_slice                004b8ca0 f   image.obj
 0002:00022f00       _decode_slice              004b8f00 f   image.obj
 0002:00023d40       _decode_one_frame          004b9d40 f   image.obj
 0002:00025ee0       _buffer2img                004bbee0 f   image.obj
 0002:00026390       _compute_SSE               004bc390 f   image.obj
 0002:00026500       _calculate_frame_no        004bc500 f   image.obj
 0002:00026630       _find_snr                  004bc630 f   image.obj
 0002:00027000       _reorder_lists             004bd000 f   image.obj
 0002:000271d0       _read_new_slice            004bd1d0 f   image.obj
 0002:00028360       _pad_buf                   004be360 f   image.obj
 0002:000285a0       _pad_dec_picture           004be5a0 f   image.obj
 0002:00028720       _exit_picture              004be720 f   image.obj
 0002:00029640       _ercWriteMBMODEandMV       004bf640 f   image.obj
 0002:00029e30       _init_old_slice            004bfe30 f   image.obj
 0002:00029ed0       _copy_slice_info           004bfed0 f   image.obj
 0002:0002a050       _is_new_picture            004c0050 f   image.obj
 0002:0002a360       _frame_postprocessing      004c0360 f   image.obj
 0002:0002a390       _field_postprocessing      004c0390 f   image.obj
 0002:0002a3e0       _copy_dec_picture_JV       004c03e0 f   image.obj
 0002:0002a730       _decode_one_slice          004c0730 f   image.obj
 0002:0002ac70       _GetVOIdx                  004c0c70 f   image.obj
 0002:0002ae00       _GetViewIdx                004c0e00 f   image.obj
 0002:0002aed0       _get_maxViewIdx            004c0ed0 f   image.obj
 0002:0002afe0       _ParseSizeFromString       004c0fe0 f   img_io.obj
 0002:0002b360       _ParseFrameNoFormatFromString 004c1360 f   img_io.obj
 0002:0002b5b0       _OpenFrameFile             004c15b0 f   img_io.obj
 0002:0002b840       _OpenFiles                 004c1840 f   img_io.obj
 0002:0002b950       _CloseFiles                004c1950 f   img_io.obj
 0002:0002b9d0       _ParseVideoType            004c19d0 f   img_io.obj
 0002:0002bb70       _process_image             004c1b70 f   img_process.obj
 0002:0002d050       _initInput                 004c3050 f   input.obj
 0002:0002d100       _testEndian                004c3100 f   input.obj
 0002:0002d190       _fillPlane                 004c3190 f   input.obj
 0002:0002d2c0       _buf2img_bitshift          004c32c0 f   input.obj
 0002:0002da30       _buf2img_basic             004c3a30 f   input.obj
 0002:0002e090       _buf2img_endian            004c4090 f   input.obj
 0002:0002e3b0       _AllocateFrameMemory       004c43b0 f   input.obj
 0002:0002e4a0       _DeleteFrameMemory         004c44a0 f   input.obj
 0002:0002e530       _read_one_frame            004c4530 f   input.obj
 0002:0002f540       _pad_borders               004c5540 f   input.obj
 0002:0002f7c0       _intra_pred_16x16_normal   004c57c0 f   intra16x16_pred.obj
 0002:00030a30       _intra_pred_16x16_mbaff    004c6a30 f   intra16x16_pred_mbaff.obj
 0002:00031bc0       _intrapred_16x16_normal    004c7bc0 f   intra16x16_pred_normal.obj
 0002:00032e40       _intra_pred_4x4_normal     004c8e40 f   intra4x4_pred.obj
 0002:00035f80       _intra_pred_4x4_mbaff      004cbf80 f   intra4x4_pred_mbaff.obj
 0002:00039310       _intra4x4_pred_normal      004cf310 f   intra4x4_pred_normal.obj
 0002:0003c6e0       _intra_pred_8x8_normal     004d26e0 f   intra8x8_pred.obj
 0002:00043d10       _intra_pred_8x8_mbaff      004d9d10 f   intra8x8_pred_mbaff.obj
 0002:0004aee0       _intrapred8x8_normal       004e0ee0 f   intra8x8_pred_normal.obj
 0002:000529e0       _intra_pred_chroma         004e89e0 f   intra_chroma_pred.obj
 0002:00054430       _intrapred_chroma_ver_mbaff 004ea430 f   intra_chroma_pred_mbaff.obj
 0002:00054670       _intra_pred_chroma_mbaff   004ea670 f   intra_chroma_pred_mbaff.obj
 0002:00056230       _set_intra_prediction_modes 004ec230 f   intra_pred_common.obj
 0002:000562f0       _ReadFrameConcatenated     004ec2f0 f   io_raw.obj
 0002:00056740       _ReadFrameSeparate         004ec740 f   io_raw.obj
 0002:00056890       _constructTiff             004ec890 f   io_tiff.obj
 0002:000568f0       _destructTiff              004ec8f0 f   io_tiff.obj
 0002:000569c0       _horizontal_half_1chan_cosite 004ec9c0 f   io_tiff.obj
 0002:00056fd0       _vertical_half_1chan       004ecfd0 f   io_tiff.obj
 0002:00057860       _ReadTIFFImage             004ed860 f   io_tiff.obj
 0002:0005a060       _error                     004f0060 f   ldecod.obj
 0002:0005a110       _FreeDecPicList            004f0110 f   ldecod.obj
 0002:0005a1c0       _init_frext                004f01c0 f   ldecod.obj
 0002:0005a830       _AllocPartition            004f0830 f   ldecod.obj
 0002:0005a9b0       _FreePartition             004f09b0 f   ldecod.obj
 0002:0005aae0       _malloc_slice              004f0ae0 f   ldecod.obj
 0002:0005ae50       _init_global_buffers       004f0e50 f   ldecod.obj
 0002:0005b410       _free_layer_buffers        004f1410 f   ldecod.obj
 0002:0005b760       _free_global_buffers       004f1760 f   ldecod.obj
 0002:0005b840       _report_stats_on_error     004f1840 f   ldecod.obj
 0002:0005b890       _ClearDecPicList           004f1890 f   ldecod.obj
 0002:0005b970       _get_one_avail_dec_pic_from_list 004f1970 f   ldecod.obj
 0002:0005ba50       _OpenDecoder               004f1a50 f   ldecod.obj
 0002:0005c6d0       _DecodeOneFrame            004f26d0 f   ldecod.obj
 0002:0005c790       _FinitDecoder              004f2790 f   ldecod.obj
 0002:0005c8a0       _CloseDecoder              004f28a0 f   ldecod.obj
 0002:0005db50       _OpenOutputFiles           004f3b50 f   ldecod.obj
 0002:0005dea0       _set_global_coding_par     004f3ea0 f   ldecod.obj
 0002:0005e1b0       _set_loop_filter_functions_mbaff 004f41b0 f   loop_filter_mbaff.obj
 0002:0005e220       _get_non_aff_neighbor_luma 004f4220 f   loop_filter_mbaff.obj
 0002:0005e290       _get_non_aff_neighbor_chroma 004f4290 f   loop_filter_mbaff.obj
 0002:0005e330       _get_strength_ver_MBAff    004f4330 f   loop_filter_mbaff.obj
 0002:0005f200       _get_strength_hor_MBAff    004f5200 f   loop_filter_mbaff.obj
 0002:00061d30       _get_db_strength_mbaff     004f7d30 f   loop_filter_mbaff.obj
 0002:000622b0       _perform_db_mbaff          004f82b0 f   loop_filter_mbaff.obj
 0002:00062e80       _set_loop_filter_functions_normal 004f8e80 f   loop_filter_normal.obj
 0002:00066600       _deblock_normal            004fc600 f   loop_filter_normal.obj
 0002:00068410       _DeblockPicture            004fe410 f   loopFilter.obj
 0002:00068520       _init_Deblock              004fe520 f   loopFilter.obj
 0002:0006a5e0       _set_chroma_qp             005005e0 f   macroblock.obj
 0002:0006a870       _update_qp                 00500870 f   macroblock.obj
 0002:0006a930       _read_delta_quant          00500930 f   macroblock.obj
 0002:0006ab50       _invScaleCoeff             00500b50 f   macroblock.obj
 0002:0006ad50       _start_macroblock          00500d50 f   macroblock.obj
 0002:0006b310       _exit_macroblock           00501310 f   macroblock.obj
 0002:0006b4a0       _setup_slice_methods       005014a0 f   macroblock.obj
 0002:0006c340       _get_neighbors             00502340 f   macroblock.obj
 0002:0006e1b0       _check_dp_neighbors        005041b0 f   macroblock.obj
 0002:0006eb00       _decode_one_macroblock     00504b00 f   macroblock.obj
 0002:0006efb0       _change_plane_JV           00504fb0 f   macroblock.obj
 0002:0006f100       _make_frame_picture_JV     00505100 f   macroblock.obj
 0002:0006f340       _mb_is_available           00505340 f   mb_access.obj
 0002:0006f3f0       _CheckAvailabilityOfNeighbors 005053f0 f   mb_access.obj
 0002:0006f820       _CheckAvailabilityOfNeighborsNormal 00505820 f   mb_access.obj
 0002:0006fab0       _CheckAvailabilityOfNeighborsMBAFF 00505ab0 f   mb_access.obj
 0002:0006fd50       _get_mb_block_pos_normal   00505d50 f   mb_access.obj
 0002:0006fdb0       _get_mb_block_pos_mbaff    00505db0 f   mb_access.obj
 0002:0006fe20       _get_mb_pos                00505e20 f   mb_access.obj
 0002:0006fed0       _getNonAffNeighbour        00505ed0 f   mb_access.obj
 0002:000700c0       _getAffNeighbour           005060c0 f   mb_access.obj
 0002:00070990       _get4x4Neighbour           00506990 f   mb_access.obj
 0002:00070a70       _get4x4NeighbourBase       00506a70 f   mb_access.obj
 0002:00070b20       _mb_pred_intra4x4          00506b20 f   mb_prediction.obj
 0002:00070de0       _mb_pred_intra16x16        00506de0 f   mb_prediction.obj
 0002:00070ee0       _mb_pred_intra8x8          00506ee0 f   mb_prediction.obj
 0002:00071100       _mb_pred_skip              00507100 f   mb_prediction.obj
 0002:00071710       _mb_pred_sp_skip           00507710 f   mb_prediction.obj
 0002:000717a0       _mb_pred_p_inter8x8        005077a0 f   mb_prediction.obj
 0002:00071a60       _mb_pred_p_inter16x16      00507a60 f   mb_prediction.obj
 0002:00071b40       _mb_pred_p_inter16x8       00507b40 f   mb_prediction.obj
 0002:00071c50       _mb_pred_p_inter8x16       00507c50 f   mb_prediction.obj
 0002:00071d60       _mb_pred_b_d8x8temporal    00507d60 f   mb_prediction.obj
 0002:00072fb0       _mb_pred_b_d4x4temporal    00508fb0 f   mb_prediction.obj
 0002:00073760       _mb_pred_b_d8x8spatial     00509760 f   mb_prediction.obj
 0002:00074580       _mb_pred_b_d4x4spatial     0050a580 f   mb_prediction.obj
 0002:00075070       _mb_pred_b_inter8x8        0050b070 f   mb_prediction.obj
 0002:00075890       _mb_pred_ipcm              0050b890 f   mb_prediction.obj
 0002:00075b20       _skip_macroblock           0050bb20 f   mb_read.obj
 0002:00076470       _setup_read_macroblock     0050c470 f   mb_read.obj
 0002:0007c330       _dump_dpb                  00512330 f   mbuffer.obj
 0002:0007c360       _getDpbSize                00512360 f   mbuffer.obj
 0002:0007c8a0       _check_num_ref             005128a0 f   mbuffer.obj
 0002:0007c920       _init_dpb                  00512920 f   mbuffer.obj
 0002:0007cdc0       _re_init_dpb               00512dc0 f   mbuffer.obj
 0002:0007d140       _free_dpb                  00513140 f   mbuffer.obj
 0002:0007d330       _alloc_frame_store         00513330 f   mbuffer.obj
 0002:0007d400       _alloc_pic_motion          00513400 f   mbuffer.obj
 0002:0007d480       _alloc_storable_picture    00513480 f   mbuffer.obj
 0002:0007d9c0       _free_frame_store          005139c0 f   mbuffer.obj
 0002:0007daa0       _free_pic_motion           00513aa0 f   mbuffer.obj
 0002:0007db10       _free_storable_picture     00513b10 f   mbuffer.obj
 0002:0007dda0       _unmark_for_reference      00513da0 f   mbuffer.obj
 0002:0007df00       _unmark_for_long_term_reference 00513f00 f   mbuffer.obj
 0002:0007e030       _update_pic_num            00514030 f   mbuffer.obj
 0002:0007e4c0       _init_lists_i_slice        005144c0 f   mbuffer.obj
 0002:0007e530       _init_lists_p_slice        00514530 f   mbuffer.obj
 0002:0007ec60       _init_lists_b_slice        00514c60 f   mbuffer.obj
 0002:0007f8f0       _init_mbaff_lists          005158f0 f   mbuffer.obj
 0002:0007fbe0       _get_short_term_pic        00515be0 f   mbuffer.obj
 0002:0007fda0       _reorder_ref_pic_list      00515da0 f   mbuffer.obj
 0002:000800a0       _idr_memory_management     005160a0 f   mbuffer.obj
 0002:00080270       _store_picture_in_dpb      00516270 f   mbuffer.obj
 0002:000811b0       _remove_frame_from_dpb     005171b0 f   mbuffer.obj
 0002:000815a0       _flush_dpb                 005175a0 f   mbuffer.obj
 0002:000816e0       _flush_dpbs                005176e0 f   mbuffer.obj
 0002:00081af0       _dpb_split_field           00517af0 f   mbuffer.obj
 0002:00082f10       _dpb_combine_field_yuv     00518f10 f   mbuffer.obj
 0002:00083510       _dpb_combine_field         00519510 f   mbuffer.obj
 0002:00083af0       _alloc_ref_pic_list_reordering_buffer 00519af0 f   mbuffer.obj
 0002:00083df0       _free_ref_pic_list_reordering_buffer 00519df0 f   mbuffer.obj
 0002:00083fe0       _fill_frame_num_gap        00519fe0 f   mbuffer.obj
 0002:00084260       _compute_colocated         0051a260 f   mbuffer.obj
 0002:00084590       _GetMaxDecFrameBuffering   0051a590 f   mbuffer.obj
 0002:000847c0       _append_interview_list     0051a7c0 f   mbuffer.obj
 0002:00084b70       _process_picture_in_dpb_s  0051ab70 f   mbuffer.obj
 0002:00084d70       _init_img_data             0051ad70 f   mbuffer.obj
 0002:00085320       _free_img_data             0051b320 f   mbuffer.obj
 0002:00085510       _store_proc_picture_in_dpb 0051b510 f   mbuffer.obj
 0002:00085820       _clone_storable_picture    0051b820 f   mbuffer.obj
 0002:00086150       _gen_pic_list_from_frame_list 0051c150 f   mbuffer_common.obj
 0002:00086550       _get_long_term_pic         0051c550 f   mbuffer_common.obj
 0002:00086700       _update_ref_list           0051c700 f   mbuffer_common.obj
 0002:000868f0       _update_ltref_list         0051c8f0 f   mbuffer_common.obj
 0002:00086ae0       _mm_unmark_short_term_for_reference 0051cae0 f   mbuffer_common.obj
 0002:00086df0       _mm_unmark_long_term_for_reference 0051cdf0 f   mbuffer_common.obj
 0002:00087140       _mm_assign_long_term_frame_idx 0051d140 f   mbuffer_common.obj
 0002:00087960       _mm_update_max_long_term_frame_idx 0051d960 f   mbuffer_common.obj
 0002:00087a10       _mm_unmark_all_long_term_for_reference 0051da10 f   mbuffer_common.obj
 0002:00087a60       _mm_unmark_all_short_term_for_reference 0051da60 f   mbuffer_common.obj
 0002:00087af0       _mm_mark_current_picture_long_term 0051daf0 f   mbuffer_common.obj
 0002:00087b90       _is_used_for_reference     0051db90 f   mbuffer_common.obj
 0002:00087c60       _get_smallest_poc          0051dc60 f   mbuffer_common.obj
 0002:00087d60       _remove_unused_frame_from_dpb 0051dd60 f   mbuffer_common.obj
 0002:00088150       _reorder_short_term        0051e150 f   mbuffer_mvc.obj
 0002:000882e0       _reorder_long_term         0051e2e0 f   mbuffer_mvc.obj
 0002:00088450       _init_lists_i_slice_mvc    0051e450 f   mbuffer_mvc.obj
 0002:000884c0       _init_lists_p_slice_mvc    0051e4c0 f   mbuffer_mvc.obj
 0002:00088f10       _init_lists_b_slice_mvc    0051ef10 f   mbuffer_mvc.obj
 0002:00089f50       _reorder_ref_pic_list_mvc  0051ff50 f   mbuffer_mvc.obj
 0002:0008a730       _reorder_lists_mvc         00520730 f   mbuffer_mvc.obj
 0002:0008a990       _get_colocated_info_4x4    00520990 f   mc_direct.obj
 0002:0008ab20       _get_colocated_info_8x8    00520b20 f   mc_direct.obj
 0002:0008b070       _update_direct_types       00521070 f   mc_direct.obj
 0002:0008dc40       _allocate_pred_mem         00523c40 f   mc_prediction.obj
 0002:0008dd40       _free_pred_mem             00523d40 f   mc_prediction.obj
 0002:0008ddf0       _get_block_luma            00523df0 f   mc_prediction.obj
 0002:00091210       _intra_cr_decoding         00527210 f   mc_prediction.obj
 0002:00091740       _prepare_direct_params     00527740 f   mc_prediction.obj
 0002:00091df0       _perform_mc                00527df0 f   mc_prediction.obj
 0002:000956f0       _init_top_bot_planes       0052b6f0 f   memalloc.obj
 0002:00095880       _free_top_bot_planes       0052b880 f   memalloc.obj
 0002:00095990       _get_mem2Ddist             0052b990 f   memalloc.obj
 0002:00095b20       _get_mem2Dlm               0052bb20 f   memalloc.obj
 0002:00095c30       _free_mem2Ddist            0052bc30 f   memalloc.obj
 0002:00095cd0       _free_mem2Dlm              0052bcd0 f   memalloc.obj
 0002:00095d70       _get_mem2Dmp               0052bd70 f   memalloc.obj
 0002:00095e80       _get_mem3Dmp               0052be80 f   memalloc.obj
 0002:00095f70       _free_mem2Dmp              0052bf70 f   memalloc.obj
 0002:00096010       _free_mem3Dmp              0052c010 f   memalloc.obj
 0002:00096090       _get_mem2Dquant            0052c090 f   memalloc.obj
 0002:000961a0       _get_mem3Dquant            0052c1a0 f   memalloc.obj
 0002:00096290       _get_mem4Dquant            0052c290 f   memalloc.obj
 0002:00096390       _get_mem5Dquant            0052c390 f   memalloc.obj
 0002:00096490       _get_mem2Dwp               0052c490 f   memalloc.obj
 0002:000965a0       _free_mem2Dwp              0052c5a0 f   memalloc.obj
 0002:00096640       _free_mem2Dquant           0052c640 f   memalloc.obj
 0002:000966e0       _free_mem3Dquant           0052c6e0 f   memalloc.obj
 0002:00096760       _free_mem4Dquant           0052c760 f   memalloc.obj
 0002:000967e0       _free_mem5Dquant           0052c7e0 f   memalloc.obj
 0002:00096860       _get_mem2D_spp             0052c860 f   memalloc.obj
 0002:00096970       _get_mem3D_spp             0052c970 f   memalloc.obj
 0002:00096a60       _get_mem2Dmv               0052ca60 f   memalloc.obj
 0002:00096b70       _get_mem3Dmv               0052cb70 f   memalloc.obj
 0002:00096c60       _get_mem4Dmv               0052cc60 f   memalloc.obj
 0002:00096d60       _get_mem5Dmv               0052cd60 f   memalloc.obj
 0002:00096e60       _get_mem6Dmv               0052ce60 f   memalloc.obj
 0002:00096f60       _get_mem7Dmv               0052cf60 f   memalloc.obj
 0002:00097070       _free_mem2D_spp            0052d070 f   memalloc.obj
 0002:00097110       _free_mem3D_spp            0052d110 f   memalloc.obj
 0002:00097190       _free_mem2Dmv              0052d190 f   memalloc.obj
 0002:00097230       _free_mem3Dmv              0052d230 f   memalloc.obj
 0002:000972b0       _free_mem4Dmv              0052d2b0 f   memalloc.obj
 0002:00097330       _free_mem5Dmv              0052d330 f   memalloc.obj
 0002:000973b0       _free_mem6Dmv              0052d3b0 f   memalloc.obj
 0002:00097430       _free_mem7Dmv              0052d430 f   memalloc.obj
 0002:000974b0       _get_mem1Dpel              0052d4b0 f   memalloc.obj
 0002:00097530       _get_mem2Dpel              0052d530 f   memalloc.obj
 0002:00097640       _get_mem2Dpel_pad          0052d640 f   memalloc.obj
 0002:000977b0       _get_mem3Dpel              0052d7b0 f   memalloc.obj
 0002:000978a0       _get_mem3Dpel_pad          0052d8a0 f   memalloc.obj
 0002:00097980       _get_mem4Dpel              0052d980 f   memalloc.obj
 0002:00097a80       _get_mem4Dpel_pad          0052da80 f   memalloc.obj
 0002:00097b80       _get_mem5Dpel              0052db80 f   memalloc.obj
 0002:00097c80       _get_mem5Dpel_pad          0052dc80 f   memalloc.obj
 0002:00097d90       _free_mem1Dpel             0052dd90 f   memalloc.obj
 0002:00097e00       _free_mem2Dpel             0052de00 f   memalloc.obj
 0002:00097ea0       _free_mem2Dpel_pad         0052dea0 f   memalloc.obj
 0002:00097f60       _free_mem3Dpel             0052df60 f   memalloc.obj
 0002:00097fe0       _free_mem3Dpel_pad         0052dfe0 f   memalloc.obj
 0002:000980b0       _free_mem4Dpel             0052e0b0 f   memalloc.obj
 0002:00098130       _free_mem4Dpel_pad         0052e130 f   memalloc.obj
 0002:000981c0       _free_mem5Dpel             0052e1c0 f   memalloc.obj
 0002:00098240       _free_mem5Dpel_pad         0052e240 f   memalloc.obj
 0002:000982d0       _new_mem2D                 0052e2d0 f   memalloc.obj
 0002:000983c0       _get_mem2D                 0052e3c0 f   memalloc.obj
 0002:000984c0       _new_mem2Dint              0052e4c0 f   memalloc.obj
 0002:000985b0       _get_mem2Dint              0052e5b0 f   memalloc.obj
 0002:000986c0       _get_mem2Dint_pad          0052e6c0 f   memalloc.obj
 0002:00098830       _get_mem2Dint64            0052e830 f   memalloc.obj
 0002:00098940       _get_mem3D                 0052e940 f   memalloc.obj
 0002:00098a30       _get_mem4D                 0052ea30 f   memalloc.obj
 0002:00098b30       _get_mem3Dint              0052eb30 f   memalloc.obj
 0002:00098c20       _get_mem3Dint64            0052ec20 f   memalloc.obj
 0002:00098d10       _get_mem2Ddistblk          0052ed10 f   memalloc.obj
 0002:00098e20       _get_mem3Ddistblk          0052ee20 f   memalloc.obj
 0002:00098f10       _get_mem4Ddistblk          0052ef10 f   memalloc.obj
 0002:00099010       _get_mem4Dint              0052f010 f   memalloc.obj
 0002:00099110       _get_mem4Dint64            0052f110 f   memalloc.obj
 0002:00099210       _get_mem5Dint              0052f210 f   memalloc.obj
 0002:00099310       _free_mem2D                0052f310 f   memalloc.obj
 0002:000993b0       _free_mem2Dint             0052f3b0 f   memalloc.obj
 0002:00099450       _free_mem2Dint_pad         0052f450 f   memalloc.obj
 0002:00099510       _free_mem2Dint64           0052f510 f   memalloc.obj
 0002:000995b0       _free_mem3D                0052f5b0 f   memalloc.obj
 0002:00099630       _free_mem4D                0052f630 f   memalloc.obj
 0002:000996b0       _free_mem3Dint             0052f6b0 f   memalloc.obj
 0002:00099730       _free_mem3Dint64           0052f730 f   memalloc.obj
 0002:000997b0       _free_mem3Ddistblk         0052f7b0 f   memalloc.obj
 0002:00099830       _free_mem4Dint             0052f830 f   memalloc.obj
 0002:000998b0       _free_mem4Dint64           0052f8b0 f   memalloc.obj
 0002:00099930       _free_mem4Ddistblk         0052f930 f   memalloc.obj
 0002:000999b0       _free_mem5Dint             0052f9b0 f   memalloc.obj
 0002:00099a30       _no_mem_exit               0052fa30 f   memalloc.obj
 0002:00099ab0       _new_mem2Duint16           0052fab0 f   memalloc.obj
 0002:00099ba0       _get_mem2Duint16           0052fba0 f   memalloc.obj
 0002:00099cb0       _get_mem3Duint16           0052fcb0 f   memalloc.obj
 0002:00099da0       _get_mem4Duint16           0052fda0 f   memalloc.obj
 0002:00099ea0       _get_mem2Dshort            0052fea0 f   memalloc.obj
 0002:00099fc0       _get_mem3Dshort            0052ffc0 f   memalloc.obj
 0002:0009a0d0       _get_mem4Dshort            005300d0 f   memalloc.obj
 0002:0009a1d0       _get_mem5Dshort            005301d0 f   memalloc.obj
 0002:0009a2d0       _get_mem6Dshort            005302d0 f   memalloc.obj
 0002:0009a3d0       _get_mem7Dshort            005303d0 f   memalloc.obj
 0002:0009a4e0       _free_mem2Duint16          005304e0 f   memalloc.obj
 0002:0009a580       _free_mem3Duint16          00530580 f   memalloc.obj
 0002:0009a600       _free_mem4Duint16          00530600 f   memalloc.obj
 0002:0009a680       _free_mem2Dshort           00530680 f   memalloc.obj
 0002:0009a720       _free_mem3Dshort           00530720 f   memalloc.obj
 0002:0009a7a0       _free_mem4Dshort           005307a0 f   memalloc.obj
 0002:0009a820       _free_mem5Dshort           00530820 f   memalloc.obj
 0002:0009a8a0       _free_mem6Dshort           005308a0 f   memalloc.obj
 0002:0009a920       _free_mem7Dshort           00530920 f   memalloc.obj
 0002:0009a9a0       _get_mem2Ddouble           005309a0 f   memalloc.obj
 0002:0009aab0       _get_mem1Dodouble          00530ab0 f   memalloc.obj
 0002:0009ab40       _get_mem2Dodouble          00530b40 f   memalloc.obj
 0002:0009ac70       _get_mem3Dodouble          00530c70 f   memalloc.obj
 0002:0009ae40       _get_offset_mem2Dshort     00530e40 f   memalloc.obj
 0002:0009afc0       _get_mem3Doint             00530fc0 f   memalloc.obj
 0002:0009b190       _get_mem2Doint             00531190 f   memalloc.obj
 0002:0009b2c0       _free_mem2Ddouble          005312c0 f   memalloc.obj
 0002:0009b360       _free_mem1Dodouble         00531360 f   memalloc.obj
 0002:0009b3e0       _free_mem2Dodouble         005313e0 f   memalloc.obj
 0002:0009b4a0       _free_mem3Dodouble         005314a0 f   memalloc.obj
 0002:0009b5f0       _free_mem3Doint            005315f0 f   memalloc.obj
 0002:0009b740       _free_mem2Doint            00531740 f   memalloc.obj
 0002:0009b800       _free_offset_mem2Dshort    00531800 f   memalloc.obj
 0002:0009b8c0       _free_mem3Ddouble          005318c0 f   memalloc.obj
 0002:0009b940       _get_mem2Dolm              00531940 f   memalloc.obj
 0002:0009ba60       _free_mem2Dolm             00531a60 f   memalloc.obj
 0002:0009bb20       _free_mem2Ddistblk         00531b20 f   memalloc.obj
 0002:0009bbc0       _init_motion_vector_prediction 00531bc0 f   mv_prediction.obj
 0002:0009d060       _RBSPtoSODB                00533060 f   nal.obj
 0002:0009d160       _EBSPtoRBSP                00533160 f   nal.obj
 0002:0009d2c0       _read_next_nalu            005332c0 f   nalu.obj
 0002:0009d500       _CheckZeroByteNonVCL       00533500 f   nalu.obj
 0002:0009d650       _CheckZeroByteVCL          00533650 f   nalu.obj
 0002:0009d740       _nal_unit_header_mvc_extension 00533740 f   nalu.obj
 0002:0009d8d0       _nal_unit_header_svc_extension 005338d0 f   nalu.obj
 0002:0009d900       _prefix_nal_unit_svc       00533900 f   nalu.obj
 0002:0009d930       _AllocNALU                 00533930 f   nalucommon.obj
 0002:0009d9f0       _FreeNALU                  005339f0 f   nalucommon.obj
 0002:0009da70       _init_output               00533a70 f   output.obj
 0002:0009e110       _write_picture             00534110 f   output.obj
 0002:0009f240       _init_out_buffer           00535240 f   output.obj
 0002:0009f290       _uninit_out_buffer         00535290 f   output.obj
 0002:0009f300       _clear_picture             00535300 f   output.obj
 0002:0009f4a0       _write_unpaired_field      005354a0 f   output.obj
 0002:0009f780       _flush_direct_output       00535780 f   output.obj
 0002:0009f880       _write_stored_frame        00535880 f   output.obj
 0002:0009f960       _direct_output             00535960 f   output.obj
 0002:0009fc90       _Scaling_List              00535c90 f   parset.obj
 0002:0009fe20       _InterpretSPS              00535e20 f   parset.obj
 0002:000a08d0       _InitVUI                   005368d0 f   parset.obj
 0002:000a0910       _ReadVUI                   00536910 f   parset.obj
 0002:000a1000       _ReadHRDParameters         00537000 f   parset.obj
 0002:000a1240       _InterpretPPS              00537240 f   parset.obj
 0002:000a1af0       _PPSConsistencyCheck       00537af0 f   parset.obj
 0002:000a1b40       _SPSConsistencyCheck       00537b40 f   parset.obj
 0002:000a1b90       _SubsetSPSConsistencyCheck 00537b90 f   parset.obj
 0002:000a1be0       _MakePPSavailable          00537be0 f   parset.obj
 0002:000a1d10       _CleanUpPPS                00537d10 f   parset.obj
 0002:000a1df0       _MakeSPSavailable          00537df0 f   parset.obj
 0002:000a1e90       _ProcessSPS                00537e90 f   parset.obj
 0002:000a20e0       _ProcessSubsetSPS          005380e0 f   parset.obj
 0002:000a27a0       _ProcessPPS                005387a0 f   parset.obj
 0002:000a2990       _reset_format_info         00538990 f   parset.obj
 0002:000a3290       _activate_sps              00539290 f   parset.obj
 0002:000a4130       _activate_pps              0053a130 f   parset.obj
 0002:000a41b0       _UseParameterSet           0053a1b0 f   parset.obj
 0002:000a4490       _seq_parameter_set_mvc_extension 0053a490 f   parset.obj
 0002:000a5230       _MemAlloc1D                0053b230 f   parset.obj
 0002:000a52b0       _hrd_parameters            0053b2b0 f   parset.obj
 0002:000a5510       _mvc_vui_parameters_extension 0053b510 f   parset.obj
 0002:000a5a20       _init_subset_sps_list      0053ba20 f   parset.obj
 0002:000a5b10       _reset_subset_sps          0053bb10 f   parset.obj
 0002:000a60a0       _GetBaseViewId             0053c0a0 f   parset.obj
 0002:000a6160       _get_max_dec_frame_buf_size 0053c160 f   parset.obj
 0002:000a64c0       _AllocPPS                  0053c4c0 f   parsetcommon.obj
 0002:000a6540       _AllocSPS                  0053c540 f   parsetcommon.obj
 0002:000a65b0       _FreePPS                   0053c5b0 f   parsetcommon.obj
 0002:000a6650       _FreeSPS                   0053c650 f   parsetcommon.obj
 0002:000a66d0       _sps_is_equal              0053c6d0 f   parsetcommon.obj
 0002:000a6b80       _pps_is_equal              0053cb80 f   parsetcommon.obj
 0002:000a7220       _init_qp_process           0053d220 f   quant.obj
 0002:000a73f0       _free_qp_matrices          0053d3f0 f   quant.obj
 0002:000a74a0       _assign_quant_params       0053d4a0 f   quant.obj
 0002:000a7a40       _CalculateQuant4x4Param    0053da40 f   quant.obj
 0002:000a7d80       _CalculateQuant8x8Param    0053dd80 f   quant.obj
 0002:000a81c0       _set_read_CBP_and_coeffs_cabac 0053e1c0 f   read_comp_cabac.obj
 0002:000ac9e0       _set_read_comp_coeff_cabac 005429e0 f   read_comp_cabac.obj
 0002:000ae190       _read_coeff_4x4_CAVLC      00544190 f   read_comp_cavlc.obj
 0002:000af260       _read_coeff_4x4_CAVLC_444  00545260 f   read_comp_cavlc.obj
 0002:000afee0       _set_read_comp_coeff_cavlc 00545ee0 f   read_comp_cavlc.obj
 0002:000b1560       _set_read_CBP_and_coeffs_cavlc 00547560 f   read_comp_cavlc.obj
 0002:000b5bd0       _OpenRTPFile               0054bbd0 f   rtp.obj
 0002:000b5c70       _CloseRTPFile              0054bc70 f   rtp.obj
 0002:000b5ce0       _GetRTPNALU                0054bce0 f   rtp.obj
 0002:000b5f70       _DecomposeRTPpacket        0054bf70 f   rtp.obj
 0002:000b6270       _DumpRTPHeader             0054c270 f   rtp.obj
 0002:000b63e0       _RTPReadPacket             0054c3e0 f   rtp.obj
 0002:000b6690       _InterpretSEIMessage       0054c690 f   sei.obj
 0002:000b6cb0       _interpret_spare_pic       0054ccb0 f   sei.obj
 0002:000b75e0       _interpret_subsequence_info 0054d5e0 f   sei.obj
 0002:000b7780       _interpret_subsequence_layer_characteristics_info 0054d780 f   sei.obj
 0002:000b78d0       _interpret_subsequence_characteristics_info 0054d8d0 f   sei.obj
 0002:000b7b60       _interpret_scene_information 0054db60 f   sei.obj
 0002:000b7c70       _interpret_filler_payload_info 0054dc70 f   sei.obj
 0002:000b7ce0       _interpret_user_data_unregistered_info 0054dce0 f   sei.obj
 0002:000b7da0       _interpret_user_data_registered_itu_t_t35_info 0054dda0 f   sei.obj
 0002:000b7e40       _interpret_pan_scan_rect_info 0054de40 f   sei.obj
 0002:000b8030       _interpret_recovery_point_info 0054e030 f   sei.obj
 0002:000b8180       _interpret_dec_ref_pic_marking_repetition_info 0054e180 f   sei.obj
 0002:000b83e0       _interpret_full_frame_freeze_info 0054e3e0 f   sei.obj
 0002:000b8490       _interpret_full_frame_freeze_release_info 0054e490 f   sei.obj
 0002:000b84c0       _interpret_full_frame_snapshot_info 0054e4c0 f   sei.obj
 0002:000b8580       _interpret_progressive_refinement_start_info 0054e580 f   sei.obj
 0002:000b8660       _interpret_progressive_refinement_end_info 0054e660 f   sei.obj
 0002:000b8720       _interpret_motion_constrained_slice_group_set_info 0054e720 f   sei.obj
 0002:000b88b0       _interpret_film_grain_characteristics_info 0054e8b0 f   sei.obj
 0002:000b8dc0       _interpret_deblocking_filter_display_preference_info 0054edc0 f   sei.obj
 0002:000b8ee0       _interpret_stereo_video_info_info 0054eee0 f   sei.obj
 0002:000b9050       _interpret_reserved_info   0054f050 f   sei.obj
 0002:000b90b0       _interpret_buffering_period_info 0054f0b0 f   sei.obj
 0002:000b92f0       _interpret_picture_timing_info 0054f2f0 f   sei.obj
 0002:000b9a60       _interpret_frame_packing_arrangement_info 0054fa60 f   sei.obj
 0002:000b9e10       _interpret_tone_mapping    0054fe10 f   sei.obj
 0002:000ba890       _tone_map                  00550890 f   sei.obj
 0002:000ba940       _init_tone_mapping_sei     00550940 f   sei.obj
 0002:000ba990       _update_tone_mapping_sei   00550990 f   sei.obj
 0002:000baa30       _interpret_post_filter_hints_info 00550a30 f   sei.obj
 0002:000bac60       _forward4x4                00550c60 f   transform.obj
 0002:000bafc0       _inverse4x4                00550fc0 f   transform.obj
 0002:000bb320       _hadamard4x4               00551320 f   transform.obj
 0002:000bb640       _ihadamard4x4              00551640 f   transform.obj
 0002:000bb950       _hadamard4x2               00551950 f   transform.obj
 0002:000bbc10       _ihadamard4x2              00551c10 f   transform.obj
 0002:000bbed0       _hadamard2x2               00551ed0 f   transform.obj
 0002:000bbfa0       _ihadamard2x2              00551fa0 f   transform.obj
 0002:000bc060       _forward8x8                00552060 f   transform.obj
 0002:000bc9a0       _inverse8x8                005529a0 f   transform.obj
 0002:000bd2c0       _itrans8x8                 005532c0 f   transform8x8.obj
 0002:000bdaf0       _icopy8x8                  00553af0 f   transform8x8.obj
 0002:000bdc40       _read_ue_v                 00553c40 f   vlc.obj
 0002:000bdd00       _read_se_v                 00553d00 f   vlc.obj
 0002:000bddc0       _read_u_v                  00553dc0 f   vlc.obj
 0002:000bde90       _read_i_v                  00553e90 f   vlc.obj
 0002:000bdf70       _read_u_1                  00553f70 f   vlc.obj
 0002:000bdfd0       _linfo_ue                  00553fd0 f   vlc.obj
 0002:000be020       _linfo_se                  00554020 f   vlc.obj
 0002:000be0a0       _linfo_cbp_intra_normal    005540a0 f   vlc.obj
 0002:000be150       _linfo_cbp_intra_other     00554150 f   vlc.obj
 0002:000be200       _linfo_cbp_inter_normal    00554200 f   vlc.obj
 0002:000be2b0       _linfo_cbp_inter_other     005542b0 f   vlc.obj
 0002:000be360       _linfo_levrun_inter        00554360 f   vlc.obj
 0002:000be4f0       _linfo_levrun_c2x2         005544f0 f   vlc.obj
 0002:000be620       _readSyntaxElement_VLC     00554620 f   vlc.obj
 0002:000be700       _readSyntaxElement_UVLC    00554700 f   vlc.obj
 0002:000be760       _readSyntaxElement_Intra4x4PredictionMode 00554760 f   vlc.obj
 0002:000be840       _GetVLCSymbol_IntraMode    00554840 f   vlc.obj
 0002:000be940       _more_rbsp_data            00554940 f   vlc.obj
 0002:000bea30       _uvlc_startcode_follows    00554a30 f   vlc.obj
 0002:000beae0       _GetVLCSymbol              00554ae0 f   vlc.obj
 0002:000bec90       _readSyntaxElement_FLC     00554c90 f   vlc.obj
 0002:000bed50       _readSyntaxElement_NumCoeffTrailingOnes 00554d50 f   vlc.obj
 0002:000bf100       _readSyntaxElement_NumCoeffTrailingOnesChromaDC 00555100 f   vlc.obj
 0002:000bf1f0       _readSyntaxElement_Level_VLC0 005551f0 f   vlc.obj
 0002:000bf450       _readSyntaxElement_Level_VLCN 00555450 f   vlc.obj
 0002:000bf700       _readSyntaxElement_TotalZeros 00555700 f   vlc.obj
 0002:000bf7f0       _readSyntaxElement_TotalZerosChromaDC 005557f0 f   vlc.obj
 0002:000bf910       _readSyntaxElement_Run     00555910 f   vlc.obj
 0002:000bfa00       _GetBits                   00555a00 f   vlc.obj
 0002:000bfb10       _ShowBits                  00555b10 f   vlc.obj
 0002:000bfc10       _gettime                   00555c10 f   win32.obj
 0002:000bfc70       _timediff                  00555c70 f   win32.obj
 0002:000bfcc0       _init_time                 00555cc0 f   win32.obj
 0002:000bfd20       _timenorm                  00555d20 f   win32.obj
 0002:000bfd92       _ntohl@4                   00555d92 f   Ws2_32:WS2_32.dll
 0002:000bfd98       _ntohs@4                   00555d98 f   Ws2_32:WS2_32.dll
 0002:000bfd9e       _QueryPerformanceCounter@4 00555d9e f   kernel32:KERNEL32.dll
 0002:000bfda4       _QueryPerformanceFrequency@4 00555da4 f   kernel32:KERNEL32.dll
 0002:000bfdb0       _malloc                    00555db0 f   LIBCMTD:dbgmalloc.obj
 0002:000bfdf0       __snprintf                 00555df0 f   LIBCMTD:snprintf.obj
 0002:000c0000       __snprintf_l               00556000 f   LIBCMTD:snprintf.obj
 0002:000c0040       _calloc                    00556040 f   LIBCMTD:dbgcalloc.obj
 0002:000c0070       __RTC_CheckEsp             00556070 f   LIBCMTD:_stack_.obj
 0002:000c00a0       @_RTC_CheckStackVars@8     005560a0 f   LIBCMTD:_stack_.obj
 0002:000c0120       @_RTC_AllocaHelper@12      00556120 f   LIBCMTD:_stack_.obj
 0002:000c0160       @_RTC_CheckStackVars2@12   00556160 f   LIBCMTD:_stack_.obj
 0002:000c0270       __RTC_InitBase             00556270 f   LIBCMTD:_init_.obj
 0002:000c02b0       __RTC_Shutdown             005562b0 f   LIBCMTD:_init_.obj
 0002:000c02d0       _free                      005562d0 f   LIBCMTD:dbgfree.obj
 0002:000c02f0       _memcpy                    005562f0 f   LIBCMTD:memcpy.obj
 0002:000c0730       _printf                    00556730 f   LIBCMTD:printf.obj
 0002:000c08c0       __printf_l                 005568c0 f   LIBCMTD:printf.obj
 0002:000c08f0       __printf_s_l               005568f0 f   LIBCMTD:printf.obj
 0002:000c0920       _printf_s                  00556920 f   LIBCMTD:printf.obj
 0002:000c0950       __printf_p_l               00556950 f   LIBCMTD:printf.obj
 0002:000c0980       __printf_p                 00556980 f   LIBCMTD:printf.obj
 0002:000c09b0       __set_printf_count_output  005569b0 f   LIBCMTD:printf.obj
 0002:000c0a10       __get_printf_count_output  00556a10 f   LIBCMTD:printf.obj
 0002:000c0a40       __read                     00556a40 f   LIBCMTD:read.obj
 0002:000c0d80       __read_nolock              00556d80 f   LIBCMTD:read.obj
 0002:000c20a0       __open                     005580a0 f   LIBCMTD:open.obj
 0002:000c2280       __sopen_helper             00558280 f   LIBCMTD:open.obj
 0002:000c3970       __invoke_watson_if_error   00559970 f i LIBCMTD:open.obj
 0002:000c39b0       __sopen                    005599b0 f   LIBCMTD:open.obj
 0002:000c3a40       __sopen_s                  00559a40 f   LIBCMTD:open.obj
 0002:000c3a70       __close                    00559a70 f   LIBCMTD:close.obj
 0002:000c3d10       __close_nolock             00559d10 f   LIBCMTD:close.obj
 0002:000c3e10       __fpmath                   00559e10 f   LIBCMTD:_fpinit_.obj
 0002:000c3e40       __fpclear                  00559e40 f   LIBCMTD:_fpinit_.obj
 0002:000c3e50       __cfltcvt_init             00559e50 f   LIBCMTD:_fpinit_.obj
 0002:000c3ee0       ___setfflag                00559ee0 f   LIBCMTD:_fpinit_.obj
 0002:000c3f10       __ftol2_sse                00559f10 f   LIBCMTD:ftol2.obj
 0002:000c3f19       __ftol2_pentium4           00559f19 f   LIBCMTD:ftol2.obj
 0002:000c3f2c       __ftol2_sse_excpt          00559f2c f   LIBCMTD:ftol2.obj
 0002:000c3f46       __ftol2                    00559f46 f   LIBCMTD:ftol2.obj
 0002:000c3ff0       __allshl                   00559ff0 f   LIBCMTD:llshl.obj
 0002:000c4020       __allshr                   0055a020 f   LIBCMTD:llshr.obj
 0002:000c4050       _memset                    0055a050 f   LIBCMTD:memset.obj
 0002:000c40f0       _fclose                    0055a0f0 f   LIBCMTD:fclose.obj
 0002:000c4240       __fclose_nolock            0055a240 f   LIBCMTD:fclose.obj
 0002:000c4380       _fread_s                   0055a380 f   LIBCMTD:fread.obj
 0002:000c4500       __fread_nolock_s           0055a500 f   LIBCMTD:fread.obj
 0002:000c4c50       _fread                     0055ac50 f   LIBCMTD:fread.obj
 0002:000c4c80       __fread_nolock             0055ac80 f   LIBCMTD:fread.obj
 0002:000c4cb0       _ftell                     0055acb0 f   LIBCMTD:ftell.obj
 0002:000c4dd0       __ftell_nolock             0055add0 f   LIBCMTD:ftell.obj
 0002:000c5150       _fseek                     0055b150 f   LIBCMTD:fseek.obj
 0002:000c5320       __fseek_nolock             0055b320 f   LIBCMTD:fseek.obj
 0002:000c5440       __fsopen                   0055b440 f   LIBCMTD:fopen.obj
 0002:000c56d0       _fopen                     0055b6d0 f   LIBCMTD:fopen.obj
 0002:000c56f0       _fopen_s                   0055b6f0 f   LIBCMTD:fopen.obj
 0002:000c57c0       _strncpy                   0055b7c0 f   LIBCMTD:strncpy.obj
 0002:000c5930       _sscanf                    0055b930 f   LIBCMTD:sscanf.obj
 0002:000c5b00       __sscanf_l                 0055bb00 f   LIBCMTD:sscanf.obj
 0002:000c5b40       _sscanf_s                  0055bb40 f   LIBCMTD:sscanf.obj
 0002:000c5b80       __sscanf_s_l               0055bb80 f   LIBCMTD:sscanf.obj
 0002:000c5bc0       __alloca_probe             0055bbc0     LIBCMTD:chkstk.obj
 0002:000c5bc0       __chkstk                   0055bbc0 f   LIBCMTD:chkstk.obj
 0002:000c5c00       __crt_waiting_on_module_handle 0055bc00 f   LIBCMTD:crt0dat.obj
 0002:000c5c70       __cinit                    0055bc70 f   LIBCMTD:crt0dat.obj
 0002:000c5d40       _exit                      0055bd40 f   LIBCMTD:crt0dat.obj
 0002:000c5d60       __exit                     0055bd60 f   LIBCMTD:crt0dat.obj
 0002:000c5d80       __cexit                    0055bd80 f   LIBCMTD:crt0dat.obj
 0002:000c5da0       __c_exit                   0055bda0 f   LIBCMTD:crt0dat.obj
 0002:000c5dc0       __amsg_exit                0055bdc0 f   LIBCMTD:crt0dat.obj
 0002:000c5e10       ___freeCrtMemory           0055be10 f   LIBCMTD:crt0dat.obj
 0002:000c6230       ___crtCorExitProcess       0055c230 f   LIBCMTD:crt0dat.obj
 0002:000c6280       ___crtExitProcess          0055c280 f   LIBCMTD:crt0dat.obj
 0002:000c62b0       __lockexit                 0055c2b0 f   LIBCMTD:crt0dat.obj
 0002:000c62d0       __unlockexit               0055c2d0 f   LIBCMTD:crt0dat.obj
 0002:000c62f0       __init_pointers            0055c2f0 f   LIBCMTD:crt0dat.obj
 0002:000c63e0       __initterm_e               0055c3e0 f   LIBCMTD:crt0dat.obj
 0002:000c6430       __get_wpgmptr              0055c430 f   LIBCMTD:crt0dat.obj
 0002:000c6560       __get_pgmptr               0055c560 f   LIBCMTD:crt0dat.obj
 0002:000c6690       _fprintf                   0055c690 f   LIBCMTD:fprintf.obj
 0002:000c69e0       __fprintf_l                0055c9e0 f   LIBCMTD:fprintf.obj
 0002:000c6a20       __fprintf_s_l              0055ca20 f   LIBCMTD:fprintf.obj
 0002:000c6a60       _fprintf_s                 0055ca60 f   LIBCMTD:fprintf.obj
 0002:000c6a90       __fprintf_p_l              0055ca90 f   LIBCMTD:fprintf.obj
 0002:000c6ad0       __fprintf_p                0055cad0 f   LIBCMTD:fprintf.obj
 0002:000c6b00       ___iob_func                0055cb00 f   LIBCMTD:_file.obj
 0002:000c6b10       ___initstdio               0055cb10 f   LIBCMTD:_file.obj
 0002:000c6cb0       ___endstdio                0055ccb0 f   LIBCMTD:_file.obj
 0002:000c6cf0       __lock_file                0055ccf0 f   LIBCMTD:_file.obj
 0002:000c6d60       __lock_file2               0055cd60 f   LIBCMTD:_file.obj
 0002:000c6db0       __unlock_file              0055cdb0 f   LIBCMTD:_file.obj
 0002:000c6e20       __unlock_file2             0055ce20 f   LIBCMTD:_file.obj
 0002:000c6e70       _strlen                    0055ce70 f   LIBCMTD:strlen.obj
 0002:000c6f20       _strncmp                   0055cf20 f   LIBCMTD:strncmp.obj
 0002:000c70f0       @__security_check_cookie@4 0055d0f0 f   LIBCMTD:secchk.obj
 0002:000c7110       _strcpy                    0055d110 f   LIBCMTD:strcat.obj
 0002:000c7120       _strcat                    0055d120 f   LIBCMTD:strcat.obj
 0002:000c7250       __write                    0055d250 f   LIBCMTD:write.obj
 0002:000c7500       __write_nolock             0055d500 f   LIBCMTD:write.obj
 0002:000c8310       __wassert                  0055e310 f   LIBCMTD:wassert.obj
 0002:000c91d0       _qsort                     0055f1d0 f   LIBCMTD:qsort.obj
 0002:000c98f0       _realloc                   0055f8f0 f   LIBCMTD:dbgrealloc.obj
 0002:000c9920       __lseeki64                 0055f920 f   LIBCMTD:lseeki64.obj
 0002:000c9c00       __lseeki64_nolock          0055fc00 f   LIBCMTD:lseeki64.obj
 0002:000c9d30       __alldiv                   0055fd30 f   LIBCMTD:lldiv.obj
 0002:000c9e10       __allmul                   0055fe10 f   LIBCMTD:llmul.obj
 0002:000c9e60       _log10                     0055fe60 f   LIBCMTD:_log10_.obj
 0002:000c9ea0       __CIlog10                  0055fea0 f   LIBCMTD:_log10_.obj
 0002:000c9edb       __CIlog10_default          0055fedb f   LIBCMTD:_log10_.obj
 0002:000c9eef       __log10_default            0055feef     LIBCMTD:_log10_.obj
 0002:000ca010       _fflush                    00560010 f   LIBCMTD:fflush.obj
 0002:000ca0d0       __fflush_nolock            005600d0 f   LIBCMTD:fflush.obj
 0002:000ca140       __flush                    00560140 f   LIBCMTD:fflush.obj
 0002:000ca230       __flushall                 00560230 f   LIBCMTD:fflush.obj
 0002:000ca460       _sprintf                   00560460 f   LIBCMTD:sprintf.obj
 0002:000ca640       __sprintf_l                00560640 f   LIBCMTD:sprintf.obj
 0002:000ca680       _sprintf_s                 00560680 f   LIBCMTD:sprintf.obj
 0002:000ca6c0       __sprintf_s_l              005606c0 f   LIBCMTD:sprintf.obj
 0002:000ca700       __snprintf_s               00560700 f   LIBCMTD:sprintf.obj
 0002:000ca740       __snprintf_s_l             00560740 f   LIBCMTD:sprintf.obj
 0002:000ca780       __sprintf_p                00560780 f   LIBCMTD:sprintf.obj
 0002:000ca7c0       __sprintf_p_l              005607c0 f   LIBCMTD:sprintf.obj
 0002:000ca800       __scprintf                 00560800 f   LIBCMTD:sprintf.obj
 0002:000ca830       __scprintf_p               00560830 f   LIBCMTD:sprintf.obj
 0002:000ca860       __scprintf_l               00560860 f   LIBCMTD:sprintf.obj
 0002:000ca890       __scprintf_p_l             00560890 f   LIBCMTD:sprintf.obj
 0002:000ca8c0       _strncat                   005608c0 f   LIBCMTD:strncat.obj
 0002:000caa50       __strtod_l                 00560a50 f   LIBCMTD:strtod.obj
 0002:000cacc0       ??0_LocaleUpdate@@QAE@PAUlocaleinfo_struct@@@Z 00560cc0 f i LIBCMTD:strtod.obj
 0002:000cadd0       ??1_LocaleUpdate@@QAE@XZ   00560dd0 f i LIBCMTD:strtod.obj
 0002:000cae10       ?GetLocaleT@_LocaleUpdate@@QAEPAUlocaleinfo_struct@@XZ 00560e10 f i LIBCMTD:strtod.obj
 0002:000cae30       _strtod                    00560e30 f   LIBCMTD:strtod.obj
 0002:000cae50       _strpbrk                   00560e50 f   LIBCMTD:strpbrk.obj
 0002:000caea0       _strtol                    00560ea0 f   LIBCMTD:strtol.obj
 0002:000cb520       __strtol_l                 00561520 f   LIBCMTD:strtol.obj
 0002:000cb550       _strtoul                   00561550 f   LIBCMTD:strtol.obj
 0002:000cb5b0       __strtoul_l                005615b0 f   LIBCMTD:strtol.obj
 0002:000cb5e0       _strstr                    005615e0 f   LIBCMTD:strstr.obj
 0002:000cb690       _strcmp                    00561690 f   LIBCMTD:strcmp.obj
 0002:000cb740       __strtime_s                00561740 f   LIBCMTD:strtime.obj
 0002:000cb9b0       __strtime                  005619b0 f   LIBCMTD:strtime.obj
 0002:000cb9f0       __strdate_s                005619f0 f   LIBCMTD:strdate.obj
 0002:000cbc70       __strdate                  00561c70 f   LIBCMTD:strdate.obj
 0002:000cbcb0       _strrchr                   00561cb0 f   LIBCMTD:strrchr.obj
 0002:000cbcf0       _memcmp                    00561cf0 f   LIBCMTD:memcmp.obj
 0002:000cca10       __telli64                  00562a10 f   LIBCMTD:telli64.obj
 0002:000cca30       _exp                       00562a30 f   LIBCMTD:_87ctran_.obj
 0002:000cca6c       __CIexp                    00562a6c f   LIBCMTD:_87ctran_.obj
 0002:000ccaa7       __exp_default              00562aa7 f   LIBCMTD:_87ctran_.obj
 0002:000ccab1       __CIexp_default            00562ab1 f   LIBCMTD:_87ctran_.obj
 0002:000ccae0       _mainCRTStartup            00562ae0 f   LIBCMTD:crt0.obj
 0002:000ccde0       __malloc_dbg               00562de0 f   LIBCMTD:dbgheap.obj
 0002:000cce20       __nh_malloc                00562e20 f   LIBCMTD:dbgheap.obj
 0002:000cce50       __nh_malloc_dbg            00562e50 f   LIBCMTD:dbgheap.obj
 0002:000ccf40       __heap_alloc               00562f40 f   LIBCMTD:dbgheap.obj
 0002:000cd400       __heap_alloc_dbg           00563400 f   LIBCMTD:dbgheap.obj
 0002:000cd470       __calloc_dbg_impl          00563470 f   LIBCMTD:dbgheap.obj
 0002:000cd570       __calloc_dbg               00563570 f   LIBCMTD:dbgheap.obj
 0002:000cd5e0       __recalloc                 005635e0 f   LIBCMTD:dbgheap.obj
 0002:000cd620       __realloc_dbg              00563620 f   LIBCMTD:dbgheap.obj
 0002:000cde60       __recalloc_dbg             00563e60 f   LIBCMTD:dbgheap.obj
 0002:000cdfa0       __expand                   00563fa0 f   LIBCMTD:dbgheap.obj
 0002:000cdfd0       __expand_dbg               00563fd0 f   LIBCMTD:dbgheap.obj
 0002:000ce120       __free_nolock              00564120 f   LIBCMTD:dbgheap.obj
 0002:000ce140       __free_dbg                 00564140 f   LIBCMTD:dbgheap.obj
 0002:000ce1e0       __free_dbg_nolock          005641e0 f   LIBCMTD:dbgheap.obj
 0002:000ce800       __msize                    00564800 f   LIBCMTD:dbgheap.obj
 0002:000ce820       __msize_dbg                00564820 f   LIBCMTD:dbgheap.obj
 0002:000cea80       __CrtSetBreakAlloc         00564a80 f   LIBCMTD:dbgheap.obj
 0002:000ceab0       __CrtSetDbgBlockType       00564ab0 f   LIBCMTD:dbgheap.obj
 0002:000cebd0       __CrtSetAllocHook          00564bd0 f   LIBCMTD:dbgheap.obj
 0002:000cec00       __CrtGetAllocHook          00564c00 f   LIBCMTD:dbgheap.obj
 0002:000cec70       __CrtCheckMemory           00564c70 f   LIBCMTD:dbgheap.obj
 0002:000cf1e0       __CrtSetDbgFlag            005651e0 f   LIBCMTD:dbgheap.obj
 0002:000cf380       __CrtDoForAllClientObjects 00565380 f   LIBCMTD:dbgheap.obj
 0002:000cf4f0       __CrtIsValidPointer        005654f0 f   LIBCMTD:dbgheap.obj
 0002:000cf510       __CrtIsValidHeapPointer    00565510 f   LIBCMTD:dbgheap.obj
 0002:000cf5d0       __CrtIsMemoryBlock         005655d0 f   LIBCMTD:dbgheap.obj
 0002:000cf7a0       __CrtReportBlockType       005657a0 f   LIBCMTD:dbgheap.obj
 0002:000cf7e0       __CrtSetDumpClient         005657e0 f   LIBCMTD:dbgheap.obj
 0002:000cf810       __CrtGetDumpClient         00565810 f   LIBCMTD:dbgheap.obj
 0002:000cf820       __CrtMemCheckpoint         00565820 f   LIBCMTD:dbgheap.obj
 0002:000cfac0       __CrtMemDifference         00565ac0 f   LIBCMTD:dbgheap.obj
 0002:000cfd60       __CrtMemDumpAllObjectsSince 00565d60 f   LIBCMTD:dbgheap.obj
 0002:000d0390       __invoke_watson_if_oneof   00566390 f i LIBCMTD:dbgheap.obj
 0002:000d03f0       __CrtDumpMemoryLeaks       005663f0 f   LIBCMTD:dbgheap.obj
 0002:000d0480       __CrtMemDumpStatistics     00566480 f   LIBCMTD:dbgheap.obj
 0002:000d05d0       __aligned_malloc           005665d0 f   LIBCMTD:dbgheap.obj
 0002:000d0600       __aligned_malloc_dbg       00566600 f   LIBCMTD:dbgheap.obj
 0002:000d0630       __aligned_realloc          00566630 f   LIBCMTD:dbgheap.obj
 0002:000d0660       __aligned_recalloc         00566660 f   LIBCMTD:dbgheap.obj
 0002:000d0690       __aligned_realloc_dbg      00566690 f   LIBCMTD:dbgheap.obj
 0002:000d06c0       __aligned_recalloc_dbg     005666c0 f   LIBCMTD:dbgheap.obj
 0002:000d0700       __aligned_offset_malloc    00566700 f   LIBCMTD:dbgheap.obj
 0002:000d0730       __aligned_offset_malloc_dbg 00566730 f   LIBCMTD:dbgheap.obj
 0002:000d0940       __aligned_offset_realloc   00566940 f   LIBCMTD:dbgheap.obj
 0002:000d0970       __aligned_offset_recalloc  00566970 f   LIBCMTD:dbgheap.obj
 0002:000d09a0       __aligned_offset_realloc_dbg 005669a0 f   LIBCMTD:dbgheap.obj
 0002:000d0d20       __aligned_offset_recalloc_dbg 00566d20 f   LIBCMTD:dbgheap.obj
 0002:000d0e70       __aligned_free             00566e70 f   LIBCMTD:dbgheap.obj
 0002:000d0e90       __aligned_free_dbg         00566e90 f   LIBCMTD:dbgheap.obj
 0002:000d0f70       __CrtSetDebugFillThreshold 00566f70 f   LIBCMTD:dbgheap.obj
 0002:000d0fa0       __CrtSetCheckCount         00566fa0 f   LIBCMTD:dbgheap.obj
 0002:000d0fc0       __CrtGetCheckCount         00566fc0 f   LIBCMTD:dbgheap.obj
 0002:000d0fd0       __aligned_msize            00566fd0 f   LIBCMTD:dbgheap.obj
 0002:000d1000       __aligned_msize_dbg        00567000 f   LIBCMTD:dbgheap.obj
 0002:000d1150       __flsbuf                   00567150 f   LIBCMTD:_flsbuf.obj
 0002:000d14c0       __output_l                 005674c0 f   LIBCMTD:output.obj
 0002:000d2e00       _get_int_arg               00568e00 f i LIBCMTD:output.obj
 0002:000d2e30       _get_int64_arg             00568e30 f i LIBCMTD:output.obj
 0002:000d2e60       _get_short_arg             00568e60 f i LIBCMTD:output.obj
 0002:000d2e90       __initp_misc_invarg        00568e90 f   LIBCMTD:invarg.obj
 0002:000d2eb0       __invalid_parameter        00568eb0 f   LIBCMTD:invarg.obj
 0002:000d2f40       __invoke_watson            00568f40 f   LIBCMTD:invarg.obj
 0002:000d30e0       __set_invalid_parameter_handler 005690e0 f   LIBCMTD:invarg.obj
 0002:000d3140       __get_invalid_parameter_handler 00569140 f   LIBCMTD:invarg.obj
 0002:000d3180       ?_invalid_parameter@@YAXPBG00II@Z 00569180 f   LIBCMTD:invarg.obj
 0002:000d31b0       ?_invoke_watson@@YAXPBG00II@Z 005691b0 f   LIBCMTD:invarg.obj
 0002:000d31e0       __dosmaperr                005691e0 f   LIBCMTD:dosmap.obj
 0002:000d3220       __get_errno_from_oserr     00569220 f   LIBCMTD:dosmap.obj
 0002:000d32c0       __set_errno                005692c0 f   LIBCMTD:dosmap.obj
 0002:000d3300       __get_errno                00569300 f   LIBCMTD:dosmap.obj
 0002:000d33a0       __set_doserrno             005693a0 f   LIBCMTD:dosmap.obj
 0002:000d33e0       __get_doserrno             005693e0 f   LIBCMTD:dosmap.obj
 0002:000d3480       __errno                    00569480 f   LIBCMTD:dosmap.obj
 0002:000d34b0       ___doserrno                005694b0 f   LIBCMTD:dosmap.obj
 0002:000d34e0       __CrtSetReportHookW2       005694e0 f   LIBCMTD:dbgrptw.obj
 0002:000d38d0       __CrtDbgReportW            005698d0 f   LIBCMTD:dbgrptw.obj
 0002:000d3920       __CrtDbgReportWV           00569920 f i LIBCMTD:dbgrptw.obj
 0002:000d3950       ___crtMessageWindowW       00569950 f   LIBCMTD:dbgrptw.obj
 0002:000d3e50       ?_CrtDbgReportW@@YAHHPBGH00ZZ 00569e50 f   LIBCMTD:dbgrptw.obj
 0002:000d3ea0       __vsnprintf_l              00569ea0 f   LIBCMTD:vsnprint.obj
 0002:000d40b0       __vsnprintf                0056a0b0 f   LIBCMTD:vsnprint.obj
 0002:000d40e0       _DebuggerKnownHandle       0056a0e0 f   LIBCMTD:_error_.obj
 0002:000d41c0       ?_RTC_Failure@@YAXPAXH@Z   0056a1c0 f   LIBCMTD:_error_.obj
 0002:000d4590       ?_RTC_StackFailure@@YAXPAXPBD@Z 0056a590 f   LIBCMTD:_error_.obj
 0002:000d46d0       ?_RTC_AllocaFailure@@YAXPAXPAU_RTC_ALLOCA_NODE@@H@Z 0056a6d0 f   LIBCMTD:_error_.obj
 0002:000d48e0       __RTC_UninitUse            0056a8e0 f   LIBCMTD:_error_.obj
 0002:000d4a10       __RTC_NumErrors            0056aa10 f   LIBCMTD:_userapi_.obj
 0002:000d4a20       __RTC_GetErrDesc           0056aa20 f   LIBCMTD:_userapi_.obj
 0002:000d4a40       __RTC_SetErrorType         0056aa40 f   LIBCMTD:_userapi_.obj
 0002:000d4a70       __RTC_SetErrorFunc         0056aa70 f   LIBCMTD:_userapi_.obj
 0002:000d4aa0       __RTC_SetErrorFuncW        0056aaa0 f   LIBCMTD:_userapi_.obj
 0002:000d4ad0       ?_RTC_GetErrorFunc@@YAP6AHHPBDH00ZZPBX@Z 0056aad0 f   LIBCMTD:_userapi_.obj
 0002:000d4ae0       ?_RTC_GetErrorFuncW@@YAP6AHHPB_WH00ZZPBX@Z 0056aae0 f   LIBCMTD:_userapi_.obj
 0002:000d4af0       __chkesp                   0056aaf0 f   LIBCMTD:chkesp.obj
 0002:000d4b40       __CRT_RTC_INIT             0056ab40 f   LIBCMTD:chkesp.obj
 0002:000d4b50       __CRT_RTC_INITW            0056ab50 f   LIBCMTD:chkesp.obj
 0002:000d4b60       __VEC_memcpy               0056ab60 f   LIBCMTD:p4_memcpy.obj
 0002:000d4d30       __get_sse2_info            0056ad30 f   LIBCMTD:cpu_disp.obj
 0002:000d4ea0       ___sse2_available_init     0056aea0 f   LIBCMTD:cpu_disp.obj
 0002:000d4ec0       __stbuf                    0056aec0 f   LIBCMTD:_sftbuf.obj
 0002:000d5070       __ftbuf                    0056b070 f   LIBCMTD:_sftbuf.obj
 0002:000d5120       __except_handler4          0056b120 f   LIBCMTD:chandler4.obj
 0002:000d53d0       _vprintf_helper            0056b3d0 f   LIBCMTD:vprintf.obj
 0002:000d5530       __vprintf_l                0056b530 f   LIBCMTD:vprintf.obj
 0002:000d5560       __vprintf_s_l              0056b560 f   LIBCMTD:vprintf.obj
 0002:000d5590       __vprintf_p_l              0056b590 f   LIBCMTD:vprintf.obj
 0002:000d55c0       _vprintf                   0056b5c0 f   LIBCMTD:vprintf.obj
 0002:000d55f0       _vprintf_s                 0056b5f0 f   LIBCMTD:vprintf.obj
 0002:000d5620       __vprintf_p                0056b620 f   LIBCMTD:vprintf.obj
 0002:000d5650       __alloc_osfhnd             0056b650 f   LIBCMTD:osfinfo.obj
 0002:000d59b0       __set_osfhnd               0056b9b0 f   LIBCMTD:osfinfo.obj
 0002:000d5ab0       __free_osfhnd              0056bab0 f   LIBCMTD:osfinfo.obj
 0002:000d5bd0       __get_osfhandle            0056bbd0 f   LIBCMTD:osfinfo.obj
 0002:000d5d90       __open_osfhandle           0056bd90 f   LIBCMTD:osfinfo.obj
 0002:000d6050       ___lock_fhandle            0056c050 f   LIBCMTD:osfinfo.obj
 0002:000d6190       __unlock_fhandle           0056c190 f   LIBCMTD:osfinfo.obj
 0002:000d61d0       __ioinit                   0056c1d0 f   LIBCMTD:ioinit.obj
 0002:000d67a0       __ioterm                   0056c7a0 f   LIBCMTD:ioinit.obj
 0002:000d6870       __chsize_s                 0056c870 f   LIBCMTD:chsize.obj
 0002:000d6bb0       __chsize_nolock            0056cbb0 f   LIBCMTD:chsize.obj
 0002:000d6ee0       __chsize                   0056cee0 f   LIBCMTD:chsize.obj
 0002:000d6f10       __lseek                    0056cf10 f   LIBCMTD:lseek.obj
 0002:000d71c0       __lseek_nolock             0056d1c0 f   LIBCMTD:lseek.obj
 0002:000d72d0       __setmode                  0056d2d0 f   LIBCMTD:setmode.obj
 0002:000d7600       __setmode_nolock           0056d600 f   LIBCMTD:setmode.obj
 0002:000d7900       __set_fmode                0056d900 f   LIBCMTD:setmode.obj
 0002:000d79e0       __get_fmode                0056d9e0 f   LIBCMTD:setmode.obj
 0002:000d7a80       __setdefaultprecision      0056da80 f   LIBCMTD:fp8.obj
 0002:000d7ad0       __ms_p5_test_fdiv          0056dad0 f   LIBCMTD:_testfdiv_.obj
 0002:000d7b30       __ms_p5_mp_test_fdiv       0056db30 f   LIBCMTD:_testfdiv_.obj
 0002:000d7b90       __forcdecpt                0056db90 f   LIBCMTD:cvt.obj
 0002:000d7bb0       __forcdecpt_l              0056dbb0 f   LIBCMTD:cvt.obj
 0002:000d7ca0       __cropzeros                0056dca0 f   LIBCMTD:cvt.obj
 0002:000d7cc0       __cropzeros_l              0056dcc0 f   LIBCMTD:cvt.obj
 0002:000d7e10       __positive                 0056de10 f   LIBCMTD:cvt.obj
 0002:000d7e50       __fassign_l                0056de50 f   LIBCMTD:cvt.obj
 0002:000d7ec0       __fassign                  0056dec0 f   LIBCMTD:cvt.obj
 0002:000d7ef0       __cftoe_l                  0056def0 f   LIBCMTD:cvt.obj
 0002:000d8590       __cftoe                    0056e590 f   LIBCMTD:cvt.obj
 0002:000d85c0       __cftoa_l                  0056e5c0 f   LIBCMTD:cvt.obj
 0002:000d8f80       ?strrchr@@YAPADPADH@Z      0056ef80 f i LIBCMTD:cvt.obj
 0002:000d8fa0       __cftoa                    0056efa0 f   LIBCMTD:cvt.obj
 0002:000d8fd0       __cftof_l                  0056efd0 f   LIBCMTD:cvt.obj
 0002:000d94d0       __cftof                    0056f4d0 f   LIBCMTD:cvt.obj
 0002:000d9500       __cftog_l                  0056f500 f   LIBCMTD:cvt.obj
 0002:000d97c0       __cftog                    0056f7c0 f   LIBCMTD:cvt.obj
 0002:000d97f0       __cfltcvt_l                0056f7f0 f   LIBCMTD:cvt.obj
 0002:000d98e0       __cfltcvt                  0056f8e0 f   LIBCMTD:cvt.obj
 0002:000d9960       __initp_misc_cfltcvt_tab   0056f960 f   LIBCMTD:cmiscdat.obj
 0002:000d99c0       __VEC_memzero              0056f9c0 f   LIBCMTD:p4_memset.obj
 0002:000d9af0       __fileno                   0056faf0 f   LIBCMTD:fileno.obj
 0002:000d9b80       __freebuf                  0056fb80 f   LIBCMTD:_freebuf.obj
 0002:000d9c30       __filbuf                   0056fc30 f   LIBCMTD:_filbuf.obj
 0002:000d9f10       _memcpy_s                  0056ff10 f   LIBCMTD:memcpy_s.obj
 0002:000da100       __openfile                 00570100 f   LIBCMTD:_open.obj
 0002:000daab0       __getstream                00570ab0 f   LIBCMTD:stream.obj
 0002:000dada4       __local_unwind4            00570da4 f   LIBCMTD:exsup4.obj
 0002:000dae7a       __seh_longjmp_unwind4@4    00570e7a f   LIBCMTD:exsup4.obj
 0002:000dae96       @_EH4_CallFilterFunc@8     00570e96 f   LIBCMTD:exsup4.obj
 0002:000daead       @_EH4_TransferToHandler@8  00570ead f   LIBCMTD:exsup4.obj
 0002:000daec6       @_EH4_GlobalUnwind@4       00570ec6 f   LIBCMTD:exsup4.obj
 0002:000daee0       @_EH4_LocalUnwind@16       00570ee0 f   LIBCMTD:exsup4.obj
 0002:000daf50       __input_l                  00570f50 f   LIBCMTD:input.obj
 0002:000dcda0       __INTRN_LOCALE_CONV        00572da0 f i LIBCMTD:input.obj
 0002:000dcf10       __input_s_l                00572f10 f   LIBCMTD:inputs.obj
 0002:000df350       __stricmp_l                00575350 f   LIBCMTD:stricmp.obj
 0002:000df560       ___ascii_stricmp           00575560 f   LIBCMTD:stricmp.obj
 0002:000df5f0       __strcmpi                  005755f0 f   LIBCMTD:stricmp.obj
 0002:000df5f0       __stricmp                  005755f0 f   LIBCMTD:stricmp.obj
 0002:000df740       __onexit                   00575740 f   LIBCMTD:onexit.obj
 0002:000df990       _atexit                    00575990 f   LIBCMTD:onexit.obj
 0002:000df9c0       ___onexitinit              005759c0 f   LIBCMTD:onexit.obj
 0002:000dfa30       __RTC_Initialize           00575a30 f   LIBCMTD:_initsect_.obj
 0002:000dfa60       __RTC_Terminate            00575a60 f   LIBCMTD:_initsect_.obj
 0002:000dfa90       __ValidateImageBase        00575a90 f   LIBCMTD:pesect.obj
 0002:000dfb10       __FindPESection            00575b10 f   LIBCMTD:pesect.obj
 0002:000dfbb0       __IsNonwritableInCurrentImage 00575bb0 f   LIBCMTD:pesect.obj
 0002:000dfd10       __encode_pointer           00575d10 f   LIBCMTD:tidtable.obj
 0002:000dfdd0       __crt_wait_module_handle   00575dd0 f i LIBCMTD:tidtable.obj
 0002:000dfe10       __encoded_null             00575e10 f   LIBCMTD:tidtable.obj
 0002:000dfe30       __decode_pointer           00575e30 f   LIBCMTD:tidtable.obj
 0002:000dfef0       ___crtTlsAlloc@4           00575ef0 f   LIBCMTD:tidtable.obj
 0002:000dff10       ___fls_getvalue@4          00575f10 f   LIBCMTD:tidtable.obj
 0002:000dff40       ___get_flsindex            00575f40 f   LIBCMTD:tidtable.obj
 0002:000dff50       ___set_flsgetvalue         00575f50 f   LIBCMTD:tidtable.obj
 0002:000dffb0       ___fls_setvalue@8          00575fb0 f   LIBCMTD:tidtable.obj
 0002:000dffe0       __mtinit                   00575fe0 f   LIBCMTD:tidtable.obj
 0002:000e0270       __mtterm                   00576270 f   LIBCMTD:tidtable.obj
 0002:000e02e0       __initptd                  005762e0 f   LIBCMTD:tidtable.obj
 0002:000e0490       __getptd_noexit            00576490 f   LIBCMTD:tidtable.obj
 0002:000e0580       __getptd                   00576580 f   LIBCMTD:tidtable.obj
 0002:000e05b0       __freefls@4                005765b0 f   LIBCMTD:tidtable.obj
 0002:000e0840       __freeptd                  00576840 f   LIBCMTD:tidtable.obj
 0002:000e08e0       ___threadid                005768e0 f   LIBCMTD:tidtable.obj
 0002:000e08f0       ___threadhandle            005768f0 f   LIBCMTD:tidtable.obj
 0002:000e0900       __FF_MSGBANNER             00576900 f   LIBCMTD:crt0msg.obj
 0002:000e0960       __NMSG_WRITE               00576960 f   LIBCMTD:crt0msg.obj
 0002:000e0ca0       __GET_RTERRMSG             00576ca0 f   LIBCMTD:crt0msg.obj
 0002:000e0d00       ___updatetmbcinfo          00576d00 f   LIBCMTD:mbctype.obj
 0002:000e0e50       __setmbcp                  00576e50 f   LIBCMTD:mbctype.obj
 0002:000e12e0       __setmbcp_nolock           005772e0 f   LIBCMTD:mbctype.obj
 0002:000e1cc0       __getmbcp                  00577cc0 f   LIBCMTD:mbctype.obj
 0002:000e1d50       ___initmbctable            00577d50 f   LIBCMTD:mbctype.obj
 0002:000e1d80       __mtinitlocks              00577d80 f   LIBCMTD:mlock.obj
 0002:000e1e30       __mtdeletelocks            00577e30 f   LIBCMTD:mlock.obj
 0002:000e1f20       __mtinitlocknum            00577f20 f   LIBCMTD:mlock.obj
 0002:000e20c0       __lock                     005780c0 f   LIBCMTD:mlock.obj
 0002:000e2110       __unlock                   00578110 f   LIBCMTD:mlock.obj
 0002:000e2130       __lockerr_exit             00578130 f   LIBCMTD:mlock.obj
 0002:000e2160       __initp_eh_hooks           00578160 f   LIBCMTD:hooks.obj
 0002:000e2180       ?terminate@@YAXXZ          00578180 f   LIBCMTD:hooks.obj
 0002:000e2220       ?unexpected@@YAXXZ         00578220 f   LIBCMTD:hooks.obj
 0002:000e2250       ?_inconsistency@@YAXXZ     00578250 f   LIBCMTD:hooks.obj
 0002:000e2300       __initp_misc_winxfltr      00578300 f   LIBCMTD:winxfltr.obj
 0002:000e2310       ___CppXcptFilter           00578310 f   LIBCMTD:winxfltr.obj
 0002:000e2340       __XcptFilter               00578340 f   LIBCMTD:winxfltr.obj
 0002:000e25f0       __initp_misc_winsig        005785f0 f   LIBCMTD:winsig.obj
 0002:000e2630       _signal                    00578630 f   LIBCMTD:winsig.obj
 0002:000e2c00       _raise                     00578c00 f   LIBCMTD:winsig.obj
 0002:000e3050       ___get_sigabrt             00579050 f   LIBCMTD:winsig.obj
 0002:000e3070       ___fpecode                 00579070 f   LIBCMTD:winsig.obj
 0002:000e3090       ___pxcptinfoptrs           00579090 f   LIBCMTD:winsig.obj
 0002:000e30b0       __initp_misc_rand_s        005790b0 f   LIBCMTD:rand_s.obj
 0002:000e30d0       _rand_s                    005790d0 f   LIBCMTD:rand_s.obj
 0002:000e3380       ___getlocaleinfo           00579380 f   LIBCMTD:inithelp.obj
 0002:000e36d0       __initp_misc_purevirt      005796d0 f   LIBCMTD:inithelp.obj
 0002:000e36f0       __initp_misc_initcrit      005796f0 f   LIBCMTD:initcrit.obj
 0002:000e3710       ___crtInitCritSecAndSpinCount 00579710 f   LIBCMTD:initcrit.obj
 0002:000e37e0       __initp_heap_handler       005797e0 f   LIBCMTD:handler.obj
 0002:000e3800       ?_set_new_handler@@YAP6AHI@ZP6AHI@Z@Z 00579800 f   LIBCMTD:handler.obj
 0002:000e3860       ?_set_new_handler@@YAP6AHI@ZH@Z 00579860 f   LIBCMTD:handler.obj
 0002:000e38b0       ?_query_new_handler@@YAP6AHI@ZXZ 005798b0 f   LIBCMTD:handler.obj
 0002:000e38d0       __callnewh                 005798d0 f   LIBCMTD:handler.obj
 0002:000e3920       _vfprintf_helper           00579920 f   LIBCMTD:vfprintf.obj
 0002:000e3c60       __vfprintf_l               00579c60 f   LIBCMTD:vfprintf.obj
 0002:000e3c90       __vfprintf_s_l             00579c90 f   LIBCMTD:vfprintf.obj
 0002:000e3cc0       __vfprintf_p_l             00579cc0 f   LIBCMTD:vfprintf.obj
 0002:000e3cf0       _vfprintf                  00579cf0 f   LIBCMTD:vfprintf.obj
 0002:000e3d20       _vfprintf_s                00579d20 f   LIBCMTD:vfprintf.obj
 0002:000e3d50       __vfprintf_p               00579d50 f   LIBCMTD:vfprintf.obj
 0002:000e3d80       __fcloseall                00579d80 f   LIBCMTD:closeall.obj
 0002:000e3f00       ___report_gsfailure        00579f00 f   LIBCMTD:gs_report.obj
 0002:000e4060       __putwch                   0057a060 f   LIBCMTD:putwch.obj
 0002:000e4110       __putwch_nolock            0057a110 f   LIBCMTD:putwch.obj
 0002:000e4250       __cputws                   0057a250 f   LIBCMTD:putwch.obj
 0002:000e43f0       __mbtowc_l                 0057a3f0 f   LIBCMTD:mbtowc.obj
 0002:000e4690       _mbtowc                    0057a690 f   LIBCMTD:mbtowc.obj
 0002:000e46c0       __isleadbyte_l             0057a6c0 f i LIBCMTD:_wctype.obj
 0002:000e4720       _isleadbyte                0057a720 f i LIBCMTD:_wctype.obj
 0002:000e4740       __iswalpha_l               0057a740 f i LIBCMTD:_wctype.obj
 0002:000e4770       _iswalpha                  0057a770 f i LIBCMTD:_wctype.obj
 0002:000e4790       __iswupper_l               0057a790 f i LIBCMTD:_wctype.obj
 0002:000e47b0       _iswupper                  0057a7b0 f i LIBCMTD:_wctype.obj
 0002:000e47d0       __iswlower_l               0057a7d0 f i LIBCMTD:_wctype.obj
 0002:000e47f0       _iswlower                  0057a7f0 f i LIBCMTD:_wctype.obj
[...]
 0004:00001bd0       __indefinite               00604bd0     LIBCMTD:_87disp_.obj
 0004:00001bda       __piby2                    00604bda     LIBCMTD:_87disp_.obj
 0004:00001c10       __HUGE                     00604c10     LIBCMTD:_huge_.obj
 0004:00001c20       ___globallocalestatus      00604c20     LIBCMTD:glstatus.obj
 0004:00001c28       ___clocalestr              00604c28     LIBCMTD:nlsdata2.obj
 0004:00001c30       ___initiallocinfo          00604c30     LIBCMTD:nlsdata2.obj
 0004:00001d08       ___ptlocinfo               00604d08     LIBCMTD:nlsdata2.obj
 0004:00001d0c       ___lc_clike                00604d0c     LIBCMTD:nlsdata2.obj
 0004:00001d10       ___initiallocalestructinfo 00604d10     LIBCMTD:nlsdata2.obj
 0004:00001d50       __amblksiz                 00604d50     LIBCMTD:heapinit.obj
 0004:00001d58       __pfnAllocHook             00604d58     LIBCMTD:dbghook.obj
 0004:00001d60       __crtAssertBusy            00604d60     LIBCMTD:dbgrptt.obj
 0004:00001d64       __CrtDbgMode               00604d64     LIBCMTD:dbgrptt.obj
 0004:00001d70       __CrtDbgFile               00604d70     LIBCMTD:dbgrptt.obj
 0004:00001d90       __NLG_Destination          00604d90     LIBCMTD:exsup.obj
 0004:00001da4       __coninpfh                 00604da4     LIBCMTD:initcon.obj
 0004:00001da8       __confh                    00604da8     LIBCMTD:initcon.obj
 0004:00001f94       __pctype                   00604f94     LIBCMTD:ctype.obj
 0004:00001f98       __pwctype                  00604f98     LIBCMTD:ctype.obj
 0004:00001fa0       ___lc_time_c               00604fa0     LIBCMTD:strftime.obj
 0004:0000207c       ___lc_time_curr            0060507c     LIBCMTD:strftime.obj
 0004:00002080       ___lconv_static_decimal    00605080     LIBCMTD:lconv.obj
 0004:00002084       ___lconv_c                 00605084     LIBCMTD:lconv.obj
 0004:000020b4       ___lconv                   006050b4     LIBCMTD:lconv.obj
 0004:000020c4       ___mb_cur_max              006050c4     LIBCMTD:nlsdata1.obj
 0004:000020c8       ___decimal_point           006050c8     LIBCMTD:nlsdata1.obj
 0004:000020cc       ___decimal_point_length    006050cc     LIBCMTD:nlsdata1.obj
 0004:000020e4       ??_R0?AVbad_exception@std@@@8 006050e4     LIBCMTD:frame.obj
 0004:0000210c       ??_R0?AVexception@std@@@8  0060510c     LIBCMTD:frame.obj
 0004:00002130       __matherr_flag             00605130     LIBCMTD:_matherr_.obj
 0004:00002138       __d_inf                    00605138     LIBCMTD:_util_.obj
 0004:00002140       __d_ind                    00605140     LIBCMTD:_util_.obj
 0004:00002148       __d_max                    00605148     LIBCMTD:_util_.obj
 0004:00002150       __d_min                    00605150     LIBCMTD:_util_.obj
 0004:00002158       __d_mzero                  00605158     LIBCMTD:_util_.obj
 0004:000022a8       __pow10pos                 006052a8     LIBCMTD:_constpow_.obj
 0004:00002408       __pow10neg                 00605408     LIBCMTD:_constpow_.obj
 0004:000025f0       __timezone                 006055f0     LIBCMTD:timeset.obj
 0004:000025f4       __daylight                 006055f4     LIBCMTD:timeset.obj
 0004:000025f8       __dstbias                  006055f8     LIBCMTD:timeset.obj
 0004:00002680       __tzname                   00605680     LIBCMTD:timeset.obj
 0004:000026c8       ??_R0?AVtype_info@@@8      006056c8     LIBCMTD:typinfo.obj
 0004:000026e8       ??_R0?AVbad_cast@std@@@8   006056e8     LIBCMTD:stdexcpt.obj
 0004:00002708       ??_R0?AVbad_typeid@std@@@8 00605708     LIBCMTD:stdexcpt.obj
 0004:0000272c       ??_R0?AV__non_rtti_object@std@@@8 0060572c     LIBCMTD:stdexcpt.obj
 0004:00002760       __lpdays                   00605760     LIBCMTD:days.obj
 0004:00002794       __days                     00605794     LIBCMTD:days.obj
 0004:00005258       ___fastflag                00608258     LIBCMTD:_fpinit_.obj
 0004:0000525c       __adjust_fdiv              0060825c     LIBCMTD:_fpinit_.obj
 0004:00005264       __umaskval                 00608264     LIBCMTD:crt0dat.obj
 0004:00005268       ___argc                    00608268     LIBCMTD:crt0dat.obj
 0004:0000526c       ___argv                    0060826c     LIBCMTD:crt0dat.obj
 0004:00005270       ___wargv                   00608270     LIBCMTD:crt0dat.obj
 0004:00005274       __environ                  00608274     LIBCMTD:crt0dat.obj
 0004:00005278       ___initenv                 00608278     LIBCMTD:crt0dat.obj
 0004:0000527c       __wenviron                 0060827c     LIBCMTD:crt0dat.obj
 0004:00005280       ___winitenv                00608280     LIBCMTD:crt0dat.obj
 0004:00005284       __pgmptr                   00608284     LIBCMTD:crt0dat.obj
 0004:00005288       __wpgmptr                  00608288     LIBCMTD:crt0dat.obj
 0004:0000528c       __exitflag                 0060828c     LIBCMTD:crt0dat.obj
 0004:00005290       __C_Termination_Done       00608290     LIBCMTD:crt0dat.obj
 0004:00005294       __C_Exit_Done              00608294     LIBCMTD:crt0dat.obj
 0004:000052a8       __cflush                   006082a8     LIBCMTD:_file.obj
 0004:000052ac       __aenvptr                  006082ac     LIBCMTD:crt0.obj
 0004:000052b0       __wenvptr                  006082b0     LIBCMTD:crt0.obj
 0004:000052b4       ___error_mode              006082b4     LIBCMTD:crt0.obj
 0004:000052d0       ?_pfnDumpClient@@3P6AXPAXI@ZA 006082d0     LIBCMTD:dbgheap.obj
 0004:000052d8       ___crtDebugCheckCount      006082d8     LIBCMTD:dbgheap.obj
 0004:000052e8       __newmode                  006082e8     LIBCMTD:_newmode.obj
 0004:000052ec       ___pInvalidArgHandler      006082ec     LIBCMTD:invarg.obj
 0004:000052f0       ?wsprintffp@@3P6AHPADPBDZZA 006082f0     LIBCMTD:_error_.obj
 0004:00005300       __stdbuf                   00608300     LIBCMTD:_sftbuf.obj
 0004:0000530c       _gpFlsAlloc                0060830c     LIBCMTD:tidtable.obj
 0004:00005310       _gpFlsGetValue             00608310     LIBCMTD:tidtable.obj
 0004:00005314       _gpFlsSetValue             00608314     LIBCMTD:tidtable.obj
 0004:00005318       _gpFlsFree                 00608318     LIBCMTD:tidtable.obj
 0004:000056d8       ___mbulinfo                006086d8     LIBCMTD:mbctype.obj
 0004:000056e4       ___mbcodepage              006086e4     LIBCMTD:mbctype.obj
 0004:000056e8       ___ismbcodepage            006086e8     LIBCMTD:mbctype.obj
 0004:000056ec       ___mblcid                  006086ec     LIBCMTD:mbctype.obj
 0004:000058a8       ?__pInconsistency@@3P6AXXZA 006088a8     LIBCMTD:hooks.obj
 0004:000058d0       ___pPurecall               006088d0     LIBCMTD:inithelp.obj
 0004:000058dc       ?_pnhHeap@@3P6AHI@ZA       006088dc     LIBCMTD:handler.obj
 0004:00005cbc       ___locale_changed          00608cbc     LIBCMTD:setlocal.obj
 0004:00005cc0       ___lc_handle               00608cc0     LIBCMTD:nlsdata2.obj
 0004:00005cd8       ___lc_codepage             00608cd8     LIBCMTD:nlsdata2.obj
 0004:00005cdc       ___lc_collate_cp           00608cdc     LIBCMTD:nlsdata2.obj
 0004:00005e28       __crtheap                  00608e28     LIBCMTD:heapinit.obj
 0004:00005e38       ___sbh_pHeaderDefer        00608e38     LIBCMTD:sbheap.obj
 0004:00005e48       __fmode                    00608e48     LIBCMTD:txtmode.obj
 0004:00005e4c       __outputformat             00608e4c     LIBCMTD:outputformat.obj
 0004:00005e50       __commode                  00608e50     LIBCMTD:ncommode.obj
 0004:00005e7c       ___lconv_static_null       00608e7c     LIBCMTD:lconv.obj
 0004:00005f7c       ?pArgList@UnDecorator@@0PAVReplicator@@A 00608f7c     LIBCMTD:undname.obj
 0004:00005f80       ?pZNameList@UnDecorator@@0PAVReplicator@@A 00608f80     LIBCMTD:undname.obj
 0004:00005f84       ?pTemplateArgList@UnDecorator@@0PAVReplicator@@A 00608f84     LIBCMTD:undname.obj
 0004:00005f88       ?gName@UnDecorator@@0PBDB  00608f88     LIBCMTD:undname.obj
 0004:00005f8c       ?name@UnDecorator@@0PBDB   00608f8c     LIBCMTD:undname.obj
 0004:00005f90       ?outputString@UnDecorator@@0PADA 00608f90     LIBCMTD:undname.obj
 0004:00005f94       ?maxStringLength@UnDecorator@@0HA 00608f94     LIBCMTD:undname.obj
 0004:00005f98       ?disableFlags@UnDecorator@@0KA 00608f98     LIBCMTD:undname.obj
 0004:00005f9c       ?m_pGetParameter@UnDecorator@@0P6APADJ@ZA 00608f9c     LIBCMTD:undname.obj
 0004:00005fa0       ?fExplicitTemplateParams@UnDecorator@@0_NA 00608fa0     LIBCMTD:undname.obj
 0004:00005fa1       ?fGetTemplateArgumentList@UnDecorator@@0_NA 00608fa1     LIBCMTD:undname.obj
 0004:00006010       ?nodes@?1??make@DNameStatusNode@@SAPAV2@W4DNameStatus@@@Z@4PAV2@A 00609010     LIBCMTD:undname.obj
 0004:0000604c       ??_B?1??make@DNameStatusNode@@SAPAV1@W4DNameStatus@@@Z@51 0060904c     LIBCMTD:undname.obj
 0004:00006060       _errortext                 00609060     <common>
 0004:000061d0       _p_Dec                     006091d0     <common>
 0004:000061e0       _cfgparams                 006091e0     <common>
 0004:000074d8       _ColorComponent            0060a4d8     <common>
 0004:000074e4       __pmatherr                 0060a4e4     <common>
 0004:000074f0       __pfnReportHook            0060a4f0     <common>
 0004:00007500       __pReportHookListW         0060a500     <common>
 0004:00007504       __pReportHookList          0060a504     <common>
 0004:00007508       ___sbh_initialized         0060a508     <common>
 0004:0000751c       ___sbh_cntHeaderList       0060a51c     <common>
 0004:00007520       ___sbh_pHeaderList         0060a520     <common>
 0004:00007524       ___sbh_threshold           0060a524     <common>
 0004:00007528       ___sbh_pHeaderScan         0060a528     <common>
 0004:0000752c       ___sbh_sizeHeaderList      0060a52c     <common>
 0004:00007530       ___sbh_indGroupDefer       0060a530     <common>
 0004:00007534       __debugger_hook_dummy      0060a534     <common>
 0004:00007540       ___active_heap             0060a540     <common>
 0004:0000754c       ___setlc_active            0060a54c     <common>
 0004:0000755c       ___unguarded_readlc_active 0060a55c     <common>
 0004:00007560       ___use_sse2_mathfcns       0060a560     <common>
 0004:0000756c       __nhandle                  0060a56c     <common>
 0004:000075c0       ___pioinfo                 0060a5c0     <common>
 0004:000076c0       ___sse2_available          0060a6c0     <common>
 0004:000076cc       __acmdln                   0060a6cc     <common>
 0004:000076d8       ___piob                    0060a6d8     <common>
 0004:00007a20       __bufin                    0060aa20     <common>
 0004:00008a20       __nstream                  0060ba20     <common>
 0004:00008a24       ___env_initialized         0060ba24     <common>
 0004:00008a34       ___onexitend               0060ba34     <common>
 0004:00008a38       ___onexitbegin             0060ba38     <common>
 0004:00008a3c       ___mbctype_initialized     0060ba3c     <common>
 0004:00008a40       ___dyn_tls_init_callback   0060ba40     <common>
 0005:00000000       __IMPORT_DESCRIPTOR_WS2_32 0060c000     Ws2_32:WS2_32.dll
 0005:00000014       __IMPORT_DESCRIPTOR_KERNEL32 0060c014     kernel32:KERNEL32.dll
 0005:00000028       __NULL_IMPORT_DESCRIPTOR   0060c028     Ws2_32:WS2_32.dll
 0005:00000274       __imp__RtlUnwind@16        0060c274     kernel32:KERNEL32.dll
 0005:00000278       __imp__CompareStringW@24   0060c278     kernel32:KERNEL32.dll
 0005:0000027c       __imp__CompareStringA@24   0060c27c     kernel32:KERNEL32.dll
 0005:00000280       __imp__QueryPerformanceCounter@4 0060c280     kernel32:KERNEL32.dll
 0005:00000284       __imp__QueryPerformanceFrequency@4 0060c284     kernel32:KERNEL32.dll
 0005:00000288       __imp__MultiByteToWideChar@24 0060c288     kernel32:KERNEL32.dll
 0005:0000028c       __imp__GetLastError@0      0060c28c     kernel32:KERNEL32.dll
 0005:00000290       __imp__ReadFile@20         0060c290     kernel32:KERNEL32.dll
 0005:00000294       __imp__CloseHandle@4       0060c294     kernel32:KERNEL32.dll
 0005:00000298       __imp__GetFileType@4       0060c298     kernel32:KERNEL32.dll
 0005:0000029c       __imp__CreateFileA@28      0060c29c     kernel32:KERNEL32.dll
 0005:000002a0       __imp__GetModuleHandleW@4  0060c2a0     kernel32:KERNEL32.dll
 0005:000002a4       __imp__Sleep@4             0060c2a4     kernel32:KERNEL32.dll
 0005:000002a8       __imp__InterlockedIncrement@4 0060c2a8     kernel32:KERNEL32.dll
 0005:000002ac       __imp__InterlockedDecrement@4 0060c2ac     kernel32:KERNEL32.dll
 0005:000002b0       __imp__GetProcAddress@8    0060c2b0     kernel32:KERNEL32.dll
 0005:000002b4       __imp__ExitProcess@4       0060c2b4     kernel32:KERNEL32.dll
 0005:000002b8       __imp__EnterCriticalSection@4 0060c2b8     kernel32:KERNEL32.dll
 0005:000002bc       __imp__LeaveCriticalSection@4 0060c2bc     kernel32:KERNEL32.dll
 0005:000002c0       __imp__WriteFile@20        0060c2c0     kernel32:KERNEL32.dll
 0005:000002c4       __imp__WideCharToMultiByte@32 0060c2c4     kernel32:KERNEL32.dll
 0005:000002c8       __imp__GetConsoleCP@0      0060c2c8     kernel32:KERNEL32.dll
 0005:000002cc       __imp__GetConsoleMode@8    0060c2cc     kernel32:KERNEL32.dll
 0005:000002d0       __imp__GetModuleFileNameW@12 0060c2d0     kernel32:KERNEL32.dll
 0005:000002d4       __imp__WriteConsoleW@20    0060c2d4     kernel32:KERNEL32.dll
 0005:000002d8       __imp__GetStdHandle@4      0060c2d8     kernel32:KERNEL32.dll
 0005:000002dc       __imp__SetFilePointer@16   0060c2dc     kernel32:KERNEL32.dll
 0005:000002e0       __imp__GetLocalTime@4      0060c2e0     kernel32:KERNEL32.dll
 0005:000002e4       __imp__GetCommandLineA@0   0060c2e4     kernel32:KERNEL32.dll
 0005:000002e8       __imp__HeapValidate@12     0060c2e8     kernel32:KERNEL32.dll
 0005:000002ec       __imp__IsBadReadPtr@8      0060c2ec     kernel32:KERNEL32.dll
 0005:000002f0       __imp__TerminateProcess@8  0060c2f0     kernel32:KERNEL32.dll
 0005:000002f4       __imp__GetCurrentProcess@0 0060c2f4     kernel32:KERNEL32.dll
 0005:000002f8       __imp__UnhandledExceptionFilter@4 0060c2f8     kernel32:KERNEL32.dll
 0005:000002fc       __imp__SetUnhandledExceptionFilter@4 0060c2fc     kernel32:KERNEL32.dll
 0005:00000300       __imp__IsDebuggerPresent@0 0060c300     kernel32:KERNEL32.dll
 0005:00000304       __imp__RaiseException@16   0060c304     kernel32:KERNEL32.dll
 0005:00000308       __imp__DebugBreak@0        0060c308     kernel32:KERNEL32.dll
 0005:0000030c       __imp__lstrlenA@4          0060c30c     kernel32:KERNEL32.dll
 0005:00000310       __imp__LoadLibraryA@4      0060c310     kernel32:KERNEL32.dll
 0005:00000314       __imp__SetStdHandle@8      0060c314     kernel32:KERNEL32.dll
 0005:00000318       __imp__SetHandleCount@4    0060c318     kernel32:KERNEL32.dll
 0005:0000031c       __imp__GetStartupInfoA@4   0060c31c     kernel32:KERNEL32.dll
 0005:00000320       __imp__DeleteCriticalSection@4 0060c320     kernel32:KERNEL32.dll
 0005:00000324       __imp__SetEndOfFile@4      0060c324     kernel32:KERNEL32.dll
 0005:00000328       __imp__HeapFree@12         0060c328     kernel32:KERNEL32.dll
 0005:0000032c       __imp__HeapAlloc@12        0060c32c     kernel32:KERNEL32.dll
 0005:00000330       __imp__GetProcessHeap@0    0060c330     kernel32:KERNEL32.dll
 0005:00000334       __imp__InterlockedExchange@8 0060c334     kernel32:KERNEL32.dll
 0005:00000338       __imp__GetModuleHandleA@4  0060c338     kernel32:KERNEL32.dll
 0005:0000033c       __imp__SetEnvironmentVariableA@8 0060c33c     kernel32:KERNEL32.dll
 0005:00000340       __imp__TlsGetValue@4       0060c340     kernel32:KERNEL32.dll
 0005:00000344       __imp__TlsAlloc@0          0060c344     kernel32:KERNEL32.dll
 0005:00000348       __imp__TlsSetValue@8       0060c348     kernel32:KERNEL32.dll
 0005:0000034c       __imp__GetCurrentThreadId@0 0060c34c     kernel32:KERNEL32.dll
 0005:00000350       __imp__TlsFree@4           0060c350     kernel32:KERNEL32.dll
 0005:00000354       __imp__SetLastError@4      0060c354     kernel32:KERNEL32.dll
 0005:00000358       __imp__GetCurrentThread@0  0060c358     kernel32:KERNEL32.dll
 0005:0000035c       __imp__GetModuleFileNameA@12 0060c35c     kernel32:KERNEL32.dll
 0005:00000360       __imp__GetACP@0            0060c360     kernel32:KERNEL32.dll
 0005:00000364       __imp__GetOEMCP@0          0060c364     kernel32:KERNEL32.dll
 0005:00000368       __imp__GetCPInfo@8         0060c368     kernel32:KERNEL32.dll
 0005:0000036c       __imp__IsValidCodePage@4   0060c36c     kernel32:KERNEL32.dll
 0005:00000370       __imp__FatalAppExitA@8     0060c370     kernel32:KERNEL32.dll
 0005:00000374       __imp__SetConsoleCtrlHandler@8 0060c374     kernel32:KERNEL32.dll
 0005:00000378       __imp__FreeLibrary@4       0060c378     kernel32:KERNEL32.dll
 0005:0000037c       __imp__InitializeCriticalSectionAndSpinCount@8 0060c37c     kernel32:KERNEL32.dll
 0005:00000380       __imp__WriteConsoleA@20    0060c380     kernel32:KERNEL32.dll
 0005:00000384       __imp__GetConsoleOutputCP@0 0060c384     kernel32:KERNEL32.dll
 0005:00000388       __imp__LoadLibraryW@4      0060c388     kernel32:KERNEL32.dll
 0005:0000038c       __imp__FlushFileBuffers@4  0060c38c     kernel32:KERNEL32.dll
 0005:00000390       __imp__GetTickCount@0      0060c390     kernel32:KERNEL32.dll
 0005:00000394       __imp__GetCurrentProcessId@0 0060c394     kernel32:KERNEL32.dll
 0005:00000398       __imp__GetSystemTimeAsFileTime@4 0060c398     kernel32:KERNEL32.dll
 0005:0000039c       __imp__FreeEnvironmentStringsA@4 0060c39c     kernel32:KERNEL32.dll
 0005:000003a0       __imp__GetEnvironmentStrings@0 0060c3a0     kernel32:KERNEL32.dll
 0005:000003a4       __imp__FreeEnvironmentStringsW@4 0060c3a4     kernel32:KERNEL32.dll
 0005:000003a8       __imp__GetEnvironmentStringsW@0 0060c3a8     kernel32:KERNEL32.dll
 0005:000003ac       __imp__HeapDestroy@4       0060c3ac     kernel32:KERNEL32.dll
 0005:000003b0       __imp__HeapCreate@12       0060c3b0     kernel32:KERNEL32.dll
 0005:000003b4       __imp__VirtualFree@12      0060c3b4     kernel32:KERNEL32.dll
 0005:000003b8       __imp__HeapSize@12         0060c3b8     kernel32:KERNEL32.dll
 0005:000003bc       __imp__HeapReAlloc@16      0060c3bc     kernel32:KERNEL32.dll
 0005:000003c0       __imp__VirtualAlloc@16     0060c3c0     kernel32:KERNEL32.dll
 0005:000003c4       __imp__OutputDebugStringA@4 0060c3c4     kernel32:KERNEL32.dll
 0005:000003c8       __imp__OutputDebugStringW@4 0060c3c8     kernel32:KERNEL32.dll
 0005:000003cc       __imp__VirtualQuery@12     0060c3cc     kernel32:KERNEL32.dll
 0005:000003d0       __imp__LCMapStringA@24     0060c3d0     kernel32:KERNEL32.dll
 0005:000003d4       __imp__LCMapStringW@24     0060c3d4     kernel32:KERNEL32.dll
 0005:000003d8       __imp__GetStringTypeA@20   0060c3d8     kernel32:KERNEL32.dll
 0005:000003dc       __imp__GetStringTypeW@16   0060c3dc     kernel32:KERNEL32.dll
 0005:000003e0       __imp__GetLocaleInfoW@16   0060c3e0     kernel32:KERNEL32.dll
 0005:000003e4       __imp__GetLocaleInfoA@16   0060c3e4     kernel32:KERNEL32.dll
 0005:000003e8       __imp__GetTimeFormatA@24   0060c3e8     kernel32:KERNEL32.dll
 0005:000003ec       __imp__GetDateFormatA@24   0060c3ec     kernel32:KERNEL32.dll
 0005:000003f0       __imp__IsValidLocale@8     0060c3f0     kernel32:KERNEL32.dll
 0005:000003f4       __imp__EnumSystemLocalesA@8 0060c3f4     kernel32:KERNEL32.dll
 0005:000003f8       __imp__GetUserDefaultLCID@0 0060c3f8     kernel32:KERNEL32.dll
 0005:000003fc       __imp__GetTimeZoneInformation@4 0060c3fc     kernel32:KERNEL32.dll
 0005:00000400       \177KERNEL32_NULL_THUNK_DATA 0060c400     kernel32:KERNEL32.dll
 0005:00000478       __imp__ntohs@4             0060c478     Ws2_32:WS2_32.dll
 0005:0000047c       __imp__ntohl@4             0060c47c     Ws2_32:WS2_32.dll
 0005:00000480       \177WS2_32_NULL_THUNK_DATA 0060c480     Ws2_32:WS2_32.dll

 entry point at        0002:00000e97

